Archive member included because of file (symbol)

.\CortexM0\ARM_GCC_493\Debug\dcsd.a(cyfitter_cfg.o)
                              .\CortexM0\ARM_GCC_493\Debug\Cm0Start.o (cyfitter_cfg)
.\CortexM0\ARM_GCC_493\Debug\dcsd.a(PWM_MOT.o)
                              .\CortexM0\ARM_GCC_493\Debug\main.o (PWM_MOT_Start)
.\CortexM0\ARM_GCC_493\Debug\dcsd.a(vin.o)
                              .\CortexM0\ARM_GCC_493\Debug\main.o (vin_Write)
.\CortexM0\ARM_GCC_493\Debug\dcsd.a(err.o)
                              .\CortexM0\ARM_GCC_493\Debug\main.o (err_Write)
.\CortexM0\ARM_GCC_493\Debug\dcsd.a(phase.o)
                              .\CortexM0\ARM_GCC_493\Debug\main.o (phase_Write)
.\CortexM0\ARM_GCC_493\Debug\dcsd.a(sleep.o)
                              .\CortexM0\ARM_GCC_493\Debug\main.o (sleep_Write)
.\CortexM0\ARM_GCC_493\Debug\dcsd.a(fault.o)
                              .\CortexM0\ARM_GCC_493\Debug\main.o (fault_Read)
.\CortexM0\ARM_GCC_493\Debug\dcsd.a(ovc.o)
                              .\CortexM0\ARM_GCC_493\Debug\main.o (ovc_Read)
.\CortexM0\ARM_GCC_493\Debug\dcsd.a(ADC.o)
                              .\CortexM0\ARM_GCC_493\Debug\main.o (ADC_Start)
.\CortexM0\ARM_GCC_493\Debug\dcsd.a(ADC_INT.o)
                              .\CortexM0\ARM_GCC_493\Debug\dcsd.a(ADC.o) (ADC_ISR)
.\CortexM0\ARM_GCC_493\Debug\dcsd.a(UART.o)
                              .\CortexM0\ARM_GCC_493\Debug\main.o (UART_Start)
.\CortexM0\ARM_GCC_493\Debug\dcsd.a(UART_SPI_UART.o)
                              .\CortexM0\ARM_GCC_493\Debug\main.o (UART_SpiUartWriteTxData)
.\CortexM0\ARM_GCC_493\Debug\dcsd.a(UART_UART.o)
                              .\CortexM0\ARM_GCC_493\Debug\dcsd.a(UART.o) (UART_UartInit)
.\CortexM0\ARM_GCC_493\Debug\dcsd.a(reset.o)
                              .\CortexM0\ARM_GCC_493\Debug\main.o (reset_Read)
.\CortexM0\ARM_GCC_493\Debug\dcsd.a(error.o)
                              .\CortexM0\ARM_GCC_493\Debug\main.o (error_Write)
.\CortexM0\ARM_GCC_493\Debug\dcsd.a(direction.o)
                              .\CortexM0\ARM_GCC_493\Debug\main.o (direction_Read)
.\CortexM0\ARM_GCC_493\Debug\dcsd.a(step.o)
                              .\CortexM0\ARM_GCC_493\Debug\main.o (step_ClearInterrupt)
.\CortexM0\ARM_GCC_493\Debug\dcsd.a(CyLib.o)
                              .\CortexM0\ARM_GCC_493\Debug\dcsd.a(cyfitter_cfg.o) (CySysClkWriteImoFreq)
.\CortexM0\ARM_GCC_493\Debug\dcsd.a(CyLFClk.o)
                              .\CortexM0\ARM_GCC_493\Debug\dcsd.a(cyfitter_cfg.o) (CySysWdtIsr)
.\CortexM0\ARM_GCC_493\Debug\dcsd.a(stepISR.o)
                              .\CortexM0\ARM_GCC_493\Debug\main.o (stepISR_StartEx)
.\CortexM0\ARM_GCC_493\Debug\dcsd.a(rxISR.o)
                              .\CortexM0\ARM_GCC_493\Debug\main.o (rxISR_StartEx)
.\CortexM0\ARM_GCC_493\Debug\dcsd.a(TX_SEND.o)
                              .\CortexM0\ARM_GCC_493\Debug\main.o (TX_SEND_Start)
.\CortexM0\ARM_GCC_493\Debug\dcsd.a(txISR.o)
                              .\CortexM0\ARM_GCC_493\Debug\main.o (txISR_StartEx)
.\CortexM0\ARM_GCC_493\Debug\dcsd.a(EEPROM.o)
                              .\CortexM0\ARM_GCC_493\Debug\main.o (EEPROM_Start)
.\CortexM0\ARM_GCC_493\Debug\dcsd.a(QDEC.o)
                              .\CortexM0\ARM_GCC_493\Debug\main.o (QDEC_Start)
.\CortexM0\ARM_GCC_493\Debug\dcsd.a(QDEC_INT.o)
                              .\CortexM0\ARM_GCC_493\Debug\dcsd.a(QDEC.o) (QDEC_ISR)
.\CortexM0\ARM_GCC_493\Debug\dcsd.a(QDEC_Cnt16.o)
                              .\CortexM0\ARM_GCC_493\Debug\dcsd.a(QDEC.o) (QDEC_Cnt16_Start)
.\CortexM0\ARM_GCC_493\Debug\dcsd.a(CyBootAsmGnu.o)
                              .\CortexM0\ARM_GCC_493\Debug\dcsd.a(CyLib.o) (CyDelayCycles)
.\CortexM0\ARM_GCC_493\Debug\dcsd.a(CyFlash.o)
                              .\CortexM0\ARM_GCC_493\Debug\dcsd.a(EEPROM.o) (CySysFlashWriteRow)
c:/program files (x86)/cypress/psoc creator/4.0/psoc creator/import/gnu/arm/4.9.3/bin/../lib/gcc/arm-none-eabi/4.9.3/armv6-m\libgcc.a(_udivsi3.o)
                              .\CortexM0\ARM_GCC_493\Debug\dcsd.a(CyLib.o) (__aeabi_uidiv)
c:/program files (x86)/cypress/psoc creator/4.0/psoc creator/import/gnu/arm/4.9.3/bin/../lib/gcc/arm-none-eabi/4.9.3/armv6-m\libgcc.a(_divsi3.o)
                              .\CortexM0\ARM_GCC_493\Debug\dcsd.a(ADC.o) (__aeabi_idiv)
c:/program files (x86)/cypress/psoc creator/4.0/psoc creator/import/gnu/arm/4.9.3/bin/../lib/gcc/arm-none-eabi/4.9.3/armv6-m\libgcc.a(_dvmd_tls.o)
                              c:/program files (x86)/cypress/psoc creator/4.0/psoc creator/import/gnu/arm/4.9.3/bin/../lib/gcc/arm-none-eabi/4.9.3/armv6-m\libgcc.a(_udivsi3.o) (__aeabi_idiv0)
c:/program files (x86)/cypress/psoc creator/4.0/psoc creator/import/gnu/arm/4.9.3/bin/../lib/gcc/arm-none-eabi/4.9.3/armv6-m\libgcc.a(_aeabi_ldivmod.o)
                              .\CortexM0\ARM_GCC_493\Debug\dcsd.a(ADC.o) (__aeabi_ldivmod)
[...]
Memory Configuration

Name             Origin             Length             Attributes
rom              0x00000000         0x00008000         xr
ram              0x20000000         0x00001000         xrw
*default*        0x00000000         0xffffffff

Linker script and memory map

LOAD c:/program files (x86)/cypress/psoc creator/4.0/psoc creator/import/gnu/arm/4.9.3/bin/../lib/gcc/arm-none-eabi/4.9.3/armv6-m/crti.o
LOAD c:/program files (x86)/cypress/psoc creator/4.0/psoc creator/import/gnu/arm/4.9.3/bin/../lib/gcc/arm-none-eabi/4.9.3/armv6-m/crtbegin.o
LOAD c:/program files (x86)/cypress/psoc creator/4.0/psoc creator/import/gnu/arm/4.9.3/bin/../lib/gcc/arm-none-eabi/4.9.3/../../../../arm-none-eabi/lib/armv6-m/crt0.o
START GROUP
LOAD .\CortexM0\ARM_GCC_493\Debug\main.o
LOAD .\CortexM0\ARM_GCC_493\Debug\cybootloader.o
LOAD .\CortexM0\ARM_GCC_493\Debug\cymetadata.o
LOAD .\CortexM0\ARM_GCC_493\Debug\Cm0Start.o
LOAD .\CortexM0\ARM_GCC_493\Debug\dcsd.a
LOAD C:\Program Files (x86)\Cypress\PSoC Creator\4.0\PSoC Creator\psoc\content\cycomponentlibrary\CyComponentLibrary.cylib\CortexM0\ARM_GCC_493\Debug\CyComponentLibrary.a
END GROUP
START GROUP
LOAD c:/program files (x86)/cypress/psoc creator/4.0/psoc creator/import/gnu/arm/4.9.3/bin/../lib/gcc/arm-none-eabi/4.9.3/armv6-m\libgcc.a
LOAD c:/program files (x86)/cypress/psoc creator/4.0/psoc creator/import/gnu/arm/4.9.3/bin/../lib/gcc/arm-none-eabi/4.9.3/../../../../arm-none-eabi/lib/armv6-m\libg_nano.a
LOAD c:/program files (x86)/cypress/psoc creator/4.0/psoc creator/import/gnu/arm/4.9.3/bin/../lib/gcc/arm-none-eabi/4.9.3/../../../../arm-none-eabi/lib/armv6-m\libc_nano.a
END GROUP
START GROUP
LOAD c:/program files (x86)/cypress/psoc creator/4.0/psoc creator/import/gnu/arm/4.9.3/bin/../lib/gcc/arm-none-eabi/4.9.3/armv6-m\libgcc.a
LOAD c:/program files (x86)/cypress/psoc creator/4.0/psoc creator/import/gnu/arm/4.9.3/bin/../lib/gcc/arm-none-eabi/4.9.3/../../../../arm-none-eabi/lib/armv6-m\libc_nano.a
END GROUP
LOAD c:/program files (x86)/cypress/psoc creator/4.0/psoc creator/import/gnu/arm/4.9.3/bin/../lib/gcc/arm-none-eabi/4.9.3/armv6-m/crtend.o
LOAD c:/program files (x86)/cypress/psoc creator/4.0/psoc creator/import/gnu/arm/4.9.3/bin/../lib/gcc/arm-none-eabi/4.9.3/armv6-m/crtn.o
START GROUP
LOAD c:/program files (x86)/cypress/psoc creator/4.0/psoc creator/import/gnu/arm/4.9.3/bin/../lib/gcc/arm-none-eabi/4.9.3/armv6-m\libgcc.a
LOAD c:/program files (x86)/cypress/psoc creator/4.0/psoc creator/import/gnu/arm/4.9.3/bin/../lib/gcc/arm-none-eabi/4.9.3/../../../../arm-none-eabi/lib/armv6-m\libc.a
LOAD c:/program files (x86)/cypress/psoc creator/4.0/psoc creator/import/gnu/arm/4.9.3/bin/../lib/gcc/arm-none-eabi/4.9.3/../../../../arm-none-eabi/lib/armv6-m\libnosys.a
END GROUP
                0x00000000                CY_APPL_ORIGIN = 0x0
                0x00000080                CY_FLASH_ROW_SIZE = 0x80
                0x00000001                CY_APPL_NUM = 0x1
                0x00000001                CY_APPL_MAX = 0x1
                0x00000040                CY_METADATA_SIZE = 0x40
                0x00000001                CY_APPL_LOADABLE = 0x1
                0x00000000                CY_CHECKSUM_EXCLUDE_SIZE = ALIGN (0x0, CY_FLASH_ROW_SIZE)
                0x00000000                CY_APP_FOR_STACK_AND_COPIER = 0x0
                0x200001c0                PROVIDE (__cy_heap_start, _end)
                0x00000001                PROVIDE (__cy_region_num, ((__cy_regions_end - __cy_regions) / 0x10))
                0x20001000                PROVIDE (__cy_stack, (ORIGIN (ram) + 0x1000))
                0x20000f00                PROVIDE (__cy_heap_end, (__cy_stack - 0x100))

.cybootloader   0x00000000     0x1700
 *(.cybootloader)
 .cybootloader  0x00000000     0x1700 .\CortexM0\ARM_GCC_493\Debug\cybootloader.o
                0x00000000                cy_bootloader
                0x00001700                appl1_start = CY_APPL_ORIGIN?CY_APPL_ORIGIN:ALIGN (CY_FLASH_ROW_SIZE)
                0x00004b00                appl2_start = (appl1_start + ALIGN ((((0x8000 - appl1_start) - (0x2 * CY_FLASH_ROW_SIZE)) / 0x2), CY_FLASH_ROW_SIZE))
                0x00001700                appl_start = (CY_APPL_NUM == 0x1)?appl1_start:appl2_start
                0x00000000                cy_project_type_bootloader = (appl_start == 0x0)?0x1:0x0
                0x00000000                cy_project_type_app_for_stack_and_copier = (CY_APP_FOR_STACK_AND_COPIER == 0x1)?0x1:0x0

.text           0x00001700     0x1814
 CREATE_OBJECT_SYMBOLS
                0x00001700                PROVIDE (__cy_interrupt_vector, RomVectors)
 *(.romvectors)
 .romvectors    0x00001700       0x10 .\CortexM0\ARM_GCC_493\Debug\Cm0Start.o
                0x00001700                RomVectors
                0x00000001                ASSERT ((. != __cy_interrupt_vector), No interrupt vector)
                0x00000001                ASSERT (CY_APPL_ORIGIN?(SIZEOF (.cybootloader) <= CY_APPL_ORIGIN):0x1, Wrong image location)
                0x00001710                PROVIDE (__cy_reset, Reset)
 *(.text.Reset)
 .text.Reset    0x00001710       0x10 .\CortexM0\ARM_GCC_493\Debug\Cm0Start.o
                0x00001710                Reset
                0x00000001                ASSERT ((. != __cy_reset), No reset code)
 *(.psocinit)
 .psocinit      0x00001720      0x248 .\CortexM0\ARM_GCC_493\Debug\dcsd.a(cyfitter_cfg.o)
                0x00001720                cyfitter_cfg
                0x00001968                . = MAX (., 0x100)
 *(.text .text.* .gnu.linkonce.t.*)
 .text          0x00001968       0x60 c:/program files (x86)/cypress/psoc creator/4.0/psoc creator/import/gnu/arm/4.9.3/bin/../lib/gcc/arm-none-eabi/4.9.3/armv6-m/crtbegin.o
 .text.transmitUpdate
                0x000019c8        0xc .\CortexM0\ARM_GCC_493\Debug\main.o
                0x000019c8                transmitUpdate
 .text.stepCount
                0x000019d4       0x2c .\CortexM0\ARM_GCC_493\Debug\main.o
                0x000019d4                stepCount
 .text.uartReceive
                0x00001a00       0x50 .\CortexM0\ARM_GCC_493\Debug\main.o
                0x00001a00                uartReceive
 .text.fast_itoa
                0x00001a50       0xc4 .\CortexM0\ARM_GCC_493\Debug\main.o
                0x00001a50                fast_itoa
 .text.startup.main
                0x00001b14      0x314 .\CortexM0\ARM_GCC_493\Debug\main.o
                0x00001b14                main
 .text.IntDefaultHandler
                0x00001e28        0x4 .\CortexM0\ARM_GCC_493\Debug\Cm0Start.o
                0x00001e28                IntDefaultHandler
 .text.Start_c  0x00001e2c       0x4c .\CortexM0\ARM_GCC_493\Debug\Cm0Start.o
                0x00001e2c                Start_c
 .text.startup.initialize_psoc
                0x00001e78       0x60 .\CortexM0\ARM_GCC_493\Debug\Cm0Start.o
                0x00001e78                initialize_psoc
 .text.PWM_MOT_Enable
                0x00001ed8       0x30 .\CortexM0\ARM_GCC_493\Debug\dcsd.a(PWM_MOT.o)
                0x00001ed8                PWM_MOT_Enable
 .text.PWM_MOT_Start
                0x00001f08       0x6c .\CortexM0\ARM_GCC_493\Debug\dcsd.a(PWM_MOT.o)
                0x00001f08                PWM_MOT_Start
 .text.PWM_MOT_WriteCompare
                0x00001f74       0x10 .\CortexM0\ARM_GCC_493\Debug\dcsd.a(PWM_MOT.o)
                0x00001f74                PWM_MOT_WriteCompare
 .text.vin_Write
                0x00001f84       0x1c .\CortexM0\ARM_GCC_493\Debug\dcsd.a(vin.o)
                0x00001f84                vin_Write
 .text.err_Write
                0x00001fa0       0x1c .\CortexM0\ARM_GCC_493\Debug\dcsd.a(err.o)
                0x00001fa0                err_Write
 .text.phase_Write
                0x00001fbc       0x18 .\CortexM0\ARM_GCC_493\Debug\dcsd.a(phase.o)
                0x00001fbc                phase_Write
 .text.sleep_Write
                0x00001fd4       0x1c .\CortexM0\ARM_GCC_493\Debug\dcsd.a(sleep.o)
                0x00001fd4                sleep_Write
 .text.fault_Read
                0x00001ff0       0x10 .\CortexM0\ARM_GCC_493\Debug\dcsd.a(fault.o)
                0x00001ff0                fault_Read
 .text.ovc_Read
                0x00002000       0x10 .\CortexM0\ARM_GCC_493\Debug\dcsd.a(ovc.o)
                0x00002000                ovc_Read
 .text.ADC_Init
                0x00002010       0xf4 .\CortexM0\ARM_GCC_493\Debug\dcsd.a(ADC.o)
                0x00002010                ADC_Init
 .text.ADC_Start
                0x00002104       0x38 .\CortexM0\ARM_GCC_493\Debug\dcsd.a(ADC.o)
                0x00002104                ADC_Start
 .text.ADC_GetResult16
                0x0000213c       0x20 .\CortexM0\ARM_GCC_493\Debug\dcsd.a(ADC.o)
                0x0000213c                ADC_GetResult16
 .text.ADC_ISR  0x0000215c        0xc .\CortexM0\ARM_GCC_493\Debug\dcsd.a(ADC_INT.o)
                0x0000215c                ADC_ISR
 .text.UART_Start
                0x00002168       0x2c .\CortexM0\ARM_GCC_493\Debug\dcsd.a(UART.o)
                0x00002168                UART_Start
 .text.UART_SpiUartReadRxData
                0x00002194        0xc .\CortexM0\ARM_GCC_493\Debug\dcsd.a(UART_SPI_UART.o)
                0x00002194                UART_SpiUartReadRxData
 .text.UART_SpiUartGetRxBufferSize
                0x000021a0       0x10 .\CortexM0\ARM_GCC_493\Debug\dcsd.a(UART_SPI_UART.o)
                0x000021a0                UART_SpiUartGetRxBufferSize
 .text.UART_SpiUartWriteTxData
                0x000021b0       0x1c .\CortexM0\ARM_GCC_493\Debug\dcsd.a(UART_SPI_UART.o)
                0x000021b0                UART_SpiUartWriteTxData
 .text.UART_UartInit
                0x000021cc       0x9c .\CortexM0\ARM_GCC_493\Debug\dcsd.a(UART_UART.o)
                0x000021cc                UART_UartInit
 .text.UART_UartPostEnable
                0x00002268       0x24 .\CortexM0\ARM_GCC_493\Debug\dcsd.a(UART_UART.o)
                0x00002268                UART_UartPostEnable
 .text.UART_UartGetChar
                0x0000228c       0x2c .\CortexM0\ARM_GCC_493\Debug\dcsd.a(UART_UART.o)
                0x0000228c                UART_UartGetChar
 .text.UART_UartPutString
                0x000022b8       0x1c .\CortexM0\ARM_GCC_493\Debug\dcsd.a(UART_UART.o)
                0x000022b8                UART_UartPutString
 .text.reset_Read
                0x000022d4       0x10 .\CortexM0\ARM_GCC_493\Debug\dcsd.a(reset.o)
                0x000022d4                reset_Read
 .text.error_Write
                0x000022e4       0x18 .\CortexM0\ARM_GCC_493\Debug\dcsd.a(error.o)
                0x000022e4                error_Write
 .text.direction_Read
                0x000022fc       0x10 .\CortexM0\ARM_GCC_493\Debug\dcsd.a(direction.o)
                0x000022fc                direction_Read
 .text.step_ClearInterrupt
                0x0000230c       0x14 .\CortexM0\ARM_GCC_493\Debug\dcsd.a(step.o)
                0x0000230c                step_ClearInterrupt
 .text.CySysClkWriteImoFreq
                0x00002320      0x18c .\CortexM0\ARM_GCC_493\Debug\dcsd.a(CyLib.o)
                0x00002320                CySysClkWriteImoFreq
 .text.CyIntSetVector
                0x000024ac       0x18 .\CortexM0\ARM_GCC_493\Debug\dcsd.a(CyLib.o)
                0x000024ac                CyIntSetVector
 .text.CyIntSetPriority
                0x000024c4       0x40 .\CortexM0\ARM_GCC_493\Debug\dcsd.a(CyLib.o)
                0x000024c4                CyIntSetPriority
 .text.CyIntEnable
                0x00002504       0x14 .\CortexM0\ARM_GCC_493\Debug\dcsd.a(CyLib.o)
                0x00002504                CyIntEnable
 .text.CyIntDisable
                0x00002518       0x14 .\CortexM0\ARM_GCC_493\Debug\dcsd.a(CyLib.o)
                0x00002518                CyIntDisable
 .text.CyHalt   0x0000252c        0x4 .\CortexM0\ARM_GCC_493\Debug\dcsd.a(CyLib.o)
                0x0000252c                CyHalt
 .text.CyDelayUs
                0x00002530       0x14 .\CortexM0\ARM_GCC_493\Debug\dcsd.a(CyLib.o)
                0x00002530                CyDelayUs
 .text.CySysWdtLock
                0x00002544       0x1c .\CortexM0\ARM_GCC_493\Debug\dcsd.a(CyLFClk.o)
                0x00002544                CySysWdtLock
 .text.CySysWdtUnlock
                0x00002560       0x30 .\CortexM0\ARM_GCC_493\Debug\dcsd.a(CyLFClk.o)
                0x00002560                CySysWdtUnlock
 .text.CySysWdtClearInterrupt
                0x00002590       0x5c .\CortexM0\ARM_GCC_493\Debug\dcsd.a(CyLFClk.o)
                0x00002590                CySysWdtClearInterrupt
 .text.CySysWdtIsr
                0x000025ec       0xa8 .\CortexM0\ARM_GCC_493\Debug\dcsd.a(CyLFClk.o)
                0x000025ec                CySysWdtIsr
 .text.stepISR_SetPriority
                0x00002694       0x20 .\CortexM0\ARM_GCC_493\Debug\dcsd.a(stepISR.o)
                0x00002694                stepISR_SetPriority
 .text.stepISR_StartEx
                0x000026b4       0x24 .\CortexM0\ARM_GCC_493\Debug\dcsd.a(stepISR.o)
                0x000026b4                stepISR_StartEx
 .text.rxISR_SetPriority
                0x000026d8       0x20 .\CortexM0\ARM_GCC_493\Debug\dcsd.a(rxISR.o)
                0x000026d8                rxISR_SetPriority
 .text.rxISR_StartEx
                0x000026f8       0x28 .\CortexM0\ARM_GCC_493\Debug\dcsd.a(rxISR.o)
                0x000026f8                rxISR_StartEx
 .text.TX_SEND_Enable
                0x00002720       0x30 .\CortexM0\ARM_GCC_493\Debug\dcsd.a(TX_SEND.o)
                0x00002720                TX_SEND_Enable
 .text.TX_SEND_Start
                0x00002750       0x4c .\CortexM0\ARM_GCC_493\Debug\dcsd.a(TX_SEND.o)
                0x00002750                TX_SEND_Start
 .text.txISR_SetPriority
                0x0000279c       0x24 .\CortexM0\ARM_GCC_493\Debug\dcsd.a(txISR.o)
                0x0000279c                txISR_SetPriority
 .text.txISR_StartEx
                0x000027c0       0x24 .\CortexM0\ARM_GCC_493\Debug\dcsd.a(txISR.o)
                0x000027c0                txISR_StartEx
 .text.EEPROM_Start
                0x000027e4        0x4 .\CortexM0\ARM_GCC_493\Debug\dcsd.a(EEPROM.o)
                0x000027e4                EEPROM_Start
 .text.EEPROM_Write
                0x000027e8       0x98 .\CortexM0\ARM_GCC_493\Debug\dcsd.a(EEPROM.o)
                0x000027e8                EEPROM_Write
 .text.QDEC_Init
                0x00002880       0x20 .\CortexM0\ARM_GCC_493\Debug\dcsd.a(QDEC.o)
                0x00002880                QDEC_Init
 .text.QDEC_Enable
                0x000028a0       0x34 .\CortexM0\ARM_GCC_493\Debug\dcsd.a(QDEC.o)
                0x000028a0                QDEC_Enable
 .text.QDEC_Start
                0x000028d4       0x34 .\CortexM0\ARM_GCC_493\Debug\dcsd.a(QDEC.o)
                0x000028d4                QDEC_Start
 .text.QDEC_GetCounter
                0x00002908       0x2c .\CortexM0\ARM_GCC_493\Debug\dcsd.a(QDEC.o)
                0x00002908                QDEC_GetCounter
 .text.QDEC_ISR
                0x00002934       0x44 .\CortexM0\ARM_GCC_493\Debug\dcsd.a(QDEC_INT.o)
                0x00002934                QDEC_ISR
 .text.QDEC_Cnt16_Init
                0x00002978       0x78 .\CortexM0\ARM_GCC_493\Debug\dcsd.a(QDEC_Cnt16.o)
                0x00002978                QDEC_Cnt16_Init
 .text.QDEC_Cnt16_Start
                0x000029f0       0x28 .\CortexM0\ARM_GCC_493\Debug\dcsd.a(QDEC_Cnt16.o)
                0x000029f0                QDEC_Cnt16_Start
 .text.QDEC_Cnt16_WriteCounter
                0x00002a18        0xc .\CortexM0\ARM_GCC_493\Debug\dcsd.a(QDEC_Cnt16.o)
                0x00002a18                QDEC_Cnt16_WriteCounter
 .text.QDEC_Cnt16_ReadCounter
                0x00002a24       0x14 .\CortexM0\ARM_GCC_493\Debug\dcsd.a(QDEC_Cnt16.o)
                0x00002a24                QDEC_Cnt16_ReadCounter
 .text          0x00002a38       0x28 .\CortexM0\ARM_GCC_493\Debug\dcsd.a(CyBootAsmGnu.o)
                0x00002a38                CyDelayCycles
                0x00002a4c                CyEnterCriticalSection
                0x00002a54                CyExitCriticalSection
 .text.CySysFlashWriteRow
                0x00002a60      0x1d8 .\CortexM0\ARM_GCC_493\Debug\dcsd.a(CyFlash.o)
                0x00002a60                CySysFlashWriteRow
 .text          0x00002c38      0x120 c:/program files (x86)/cypress/psoc creator/4.0/psoc creator/import/gnu/arm/4.9.3/bin/../lib/gcc/arm-none-eabi/4.9.3/armv6-m\libgcc.a(_udivsi3.o)
                0x00002c38                __aeabi_uidiv
                0x00002c38                __udivsi3
                0x00002d44                __aeabi_uidivmod
 .text          0x00002d58        0x4 c:/program files (x86)/cypress/psoc creator/4.0/psoc creator/import/gnu/arm/4.9.3/bin/../lib/gcc/arm-none-eabi/4.9.3/armv6-m\libgcc.a(_dvmd_tls.o)
                0x00002d58                __aeabi_idiv0
                0x00002d58                __aeabi_ldiv0
 .text.atoi     0x00002d5c        0xc c:/program files (x86)/cypress/psoc creator/4.0/psoc creator/import/gnu/arm/4.9.3/bin/../lib/gcc/arm-none-eabi/4.9.3/../../../../arm-none-eabi/lib/armv6-m\libg_nano.a(lib_a-atoi.o)
                0x00002d5c                atoi
 .text.__libc_init_array
                0x00002d68       0x4c c:/program files (x86)/cypress/psoc creator/4.0/psoc creator/import/gnu/arm/4.9.3/bin/../lib/gcc/arm-none-eabi/4.9.3/../../../../arm-none-eabi/lib/armv6-m\libg_nano.a(lib_a-init.o)
                0x00002d68                __libc_init_array
 .text.memcpy   0x00002db4       0x12 c:/program files (x86)/cypress/psoc creator/4.0/psoc creator/import/gnu/arm/4.9.3/bin/../lib/gcc/arm-none-eabi/4.9.3/../../../../arm-none-eabi/lib/armv6-m\libg_nano.a(lib_a-memcpy.o)
                0x00002db4                memcpy
 .text.memset   0x00002dc6       0x10 c:/program files (x86)/cypress/psoc creator/4.0/psoc creator/import/gnu/arm/4.9.3/bin/../lib/gcc/arm-none-eabi/4.9.3/../../../../arm-none-eabi/lib/armv6-m\libg_nano.a(lib_a-memset.o)
                0x00002dc6                memset
 *fill*         0x00002dd6        0x2 
 .text._strtol_r
                0x00002dd8      0x120 c:/program files (x86)/cypress/psoc creator/4.0/psoc creator/import/gnu/arm/4.9.3/bin/../lib/gcc/arm-none-eabi/4.9.3/../../../../arm-none-eabi/lib/armv6-m\libg_nano.a(lib_a-strtol.o)
                0x00002dd8                _strtol_r
 .text.strtol   0x00002ef8       0x1c c:/program files (x86)/cypress/psoc creator/4.0/psoc creator/import/gnu/arm/4.9.3/bin/../lib/gcc/arm-none-eabi/4.9.3/../../../../arm-none-eabi/lib/armv6-m\libg_nano.a(lib_a-strtol.o)
                0x00002ef8                strtol
 *(.plt)
 *(.gnu.warning)
 *(.glue_7t)
 .glue_7t       0x00000000        0x0 linker stubs
 *(.glue_7)
 .glue_7        0x00000000        0x0 linker stubs
 *(.vfp11_veneer)
 .vfp11_veneer  0x00000000        0x0 linker stubs
 *(.bootloader)
 *(.ARM.extab* .gnu.linkonce.armextab.*)
 *(.gcc_except_table)

.v4_bx          0x00002f14        0x0
 .v4_bx         0x00000000        0x0 linker stubs

.iplt           0x00002f14        0x0
 .iplt          0x00000000        0x0 c:/program files (x86)/cypress/psoc creator/4.0/psoc creator/import/gnu/arm/4.9.3/bin/../lib/gcc/arm-none-eabi/4.9.3/armv6-m/crtbegin.o

.eh_frame_hdr
 *(.eh_frame_hdr)

.eh_frame       0x00002f14        0x4
 *(.eh_frame)
 .eh_frame      0x00002f14        0x0 c:/program files (x86)/cypress/psoc creator/4.0/psoc creator/import/gnu/arm/4.9.3/bin/../lib/gcc/arm-none-eabi/4.9.3/armv6-m/crtbegin.o
 .eh_frame      0x00002f14        0x4 c:/program files (x86)/cypress/psoc creator/4.0/psoc creator/import/gnu/arm/4.9.3/bin/../lib/gcc/arm-none-eabi/4.9.3/armv6-m/crtend.o
                0x00002f18                PROVIDE (__exidx_start, .)

.ARM.exidx
 *(.ARM.exidx* .gnu.linkonce.armexidx.*)
                0x00002f18                __exidx_end = .

.rodata         0x00002f18      0x558
 *(.rodata .rodata.* .gnu.linkonce.r.*)
 .rodata.cst2   0x00002f18        0x2 .\CortexM0\ARM_GCC_493\Debug\main.o
 *fill*         0x00002f1a        0x2 
 .rodata        0x00002f1c      0x134 .\CortexM0\ARM_GCC_493\Debug\main.o
 .rodata        0x00003050      0x2b8 .\CortexM0\ARM_GCC_493\Debug\dcsd.a(cyfitter_cfg.o)
 .rodata        0x00003308       0x30 .\CortexM0\ARM_GCC_493\Debug\dcsd.a(CyLib.o)
                0x00003308                cyImoFreqMhz2Reg
 .rodata.str1.1
                0x00003338        0x2 c:/program files (x86)/cypress/psoc creator/4.0/psoc creator/import/gnu/arm/4.9.3/bin/../lib/gcc/arm-none-eabi/4.9.3/../../../../arm-none-eabi/lib/armv6-m\libg_nano.a(lib_a-impure.o)
 .rodata._ctype_
                0x0000333a      0x101 c:/program files (x86)/cypress/psoc creator/4.0/psoc creator/import/gnu/arm/4.9.3/bin/../lib/gcc/arm-none-eabi/4.9.3/../../../../arm-none-eabi/lib/armv6-m\libg_nano.a(lib_a-ctype_.o)
                0x0000333a                _ctype_
                0x0000343c                . = ALIGN (0x4)
 *fill*         0x0000343b        0x1 
 *(.init)
 .init          0x0000343c        0x4 c:/program files (x86)/cypress/psoc creator/4.0/psoc creator/import/gnu/arm/4.9.3/bin/../lib/gcc/arm-none-eabi/4.9.3/armv6-m/crti.o
                0x0000343c                _init
 .init          0x00003440        0x8 c:/program files (x86)/cypress/psoc creator/4.0/psoc creator/import/gnu/arm/4.9.3/bin/../lib/gcc/arm-none-eabi/4.9.3/armv6-m/crtn.o
                0x00003448                . = ALIGN (0x4)
                0x00003448                __preinit_array_start = .
 *(.preinit_array)
                0x00003448                __preinit_array_end = .
                0x00003448                . = ALIGN (0x4)
                0x00003448                __init_array_start = .
 *(SORT(.init_array.*))
 *(.init_array)
 .init_array    0x00003448        0x4 c:/program files (x86)/cypress/psoc creator/4.0/psoc creator/import/gnu/arm/4.9.3/bin/../lib/gcc/arm-none-eabi/4.9.3/armv6-m/crtbegin.o
 .init_array    0x0000344c        0x4 .\CortexM0\ARM_GCC_493\Debug\Cm0Start.o
                0x00003450                __init_array_end = .
                0x00003450                . = ALIGN (0x4)
 *(.fini)
 .fini          0x00003450        0x4 c:/program files (x86)/cypress/psoc creator/4.0/psoc creator/import/gnu/arm/4.9.3/bin/../lib/gcc/arm-none-eabi/4.9.3/armv6-m/crti.o
                0x00003450                _fini
 .fini          0x00003454        0x8 c:/program files (x86)/cypress/psoc creator/4.0/psoc creator/import/gnu/arm/4.9.3/bin/../lib/gcc/arm-none-eabi/4.9.3/armv6-m/crtn.o
                0x0000345c                . = ALIGN (0x4)
                0x0000345c                __fini_array_start = .
 *(.fini_array)
 .fini_array    0x0000345c        0x4 c:/program files (x86)/cypress/psoc creator/4.0/psoc creator/import/gnu/arm/4.9.3/bin/../lib/gcc/arm-none-eabi/4.9.3/armv6-m/crtbegin.o
 *(SORT(.fini_array.*))
                0x00003460                __fini_array_end = .
                0x00003460                . = ALIGN (0x4)
 *crtbegin.o(.ctors)
 *(EXCLUDE_FILE(*crtend.o) .ctors)
 *(SORT(.ctors.*))
 *crtend.o(.ctors)
                0x00003460                . = ALIGN (0x4)
 *crtbegin.o(.dtors)
 *(EXCLUDE_FILE(*crtend.o) .dtors)
 *(SORT(.dtors.*))
 *crtend.o(.dtors)
                0x00003460                . = ALIGN (0x4)
                0x00003460                __cy_regions = .
                0x00003460        0x4 LONG 0x3470 __cy_region_init_ram
                0x00003464        0x4 LONG 0x200000d0 __cy_region_start_data
                0x00003468        0x4 LONG 0x80 __cy_region_init_size_ram
                0x0000346c        0x4 LONG 0x70 __cy_region_zero_size_ram
                0x00003470                __cy_regions_end = .
                0x00003470                . = ALIGN (0x8)
                0x00003470                _etext = .

.ramvectors     0x20000000       0xc0
                0x20000000                __cy_region_start_ram = .
 *(.ramvectors)
 .ramvectors    0x20000000       0xc0 .\CortexM0\ARM_GCC_493\Debug\Cm0Start.o
                0x20000000                CyRamVectors

.btldr_run      0x200000c0        0x4
 *(.bootloaderruntype)
 .bootloaderruntype
                0x200000c0        0x4 .\CortexM0\ARM_GCC_493\Debug\Cm0Start.o
                0x200000c0                cyBtldrRunType

.noinit         0x200000c8        0x4
 *(.noinit)
 .noinit        0x200000c8        0x4 .\CortexM0\ARM_GCC_493\Debug\Cm0Start.o

.data           0x200000d0       0x80 load address 0x00003470
                0x200000d0                __cy_region_start_data = .
 *(.jcr)
 .jcr           0x200000d0        0x0 c:/program files (x86)/cypress/psoc creator/4.0/psoc creator/import/gnu/arm/4.9.3/bin/../lib/gcc/arm-none-eabi/4.9.3/armv6-m/crtbegin.o
 .jcr           0x200000d0        0x4 c:/program files (x86)/cypress/psoc creator/4.0/psoc creator/import/gnu/arm/4.9.3/bin/../lib/gcc/arm-none-eabi/4.9.3/armv6-m/crtend.o
 *(.got.plt)
 *(.got)
 *(.shdata)
 *(.data .data.* .gnu.linkonce.d.*)
 .data          0x200000d4       0x10 .\CortexM0\ARM_GCC_493\Debug\dcsd.a(CyLib.o)
                0x200000d4                cydelayFreqMhz
                0x200000d8                cydelay32kMs
                0x200000dc                cydelayFreqKhz
                0x200000e0                cydelayFreqHz
 .data          0x200000e4        0x4 .\CortexM0\ARM_GCC_493\Debug\dcsd.a(CyLFClk.o)
 .data.impure_data
                0x200000e8       0x60 c:/program files (x86)/cypress/psoc creator/4.0/psoc creator/import/gnu/arm/4.9.3/bin/../lib/gcc/arm-none-eabi/4.9.3/../../../../arm-none-eabi/lib/armv6-m\libg_nano.a(lib_a-impure.o)
 .data._impure_ptr
                0x20000148        0x4 c:/program files (x86)/cypress/psoc creator/4.0/psoc creator/import/gnu/arm/4.9.3/bin/../lib/gcc/arm-none-eabi/4.9.3/../../../../arm-none-eabi/lib/armv6-m\libg_nano.a(lib_a-impure.o)
                0x20000148                _impure_ptr
 .data.__ctype_ptr__
                0x2000014c        0x4 c:/program files (x86)/cypress/psoc creator/4.0/psoc creator/import/gnu/arm/4.9.3/bin/../lib/gcc/arm-none-eabi/4.9.3/../../../../arm-none-eabi/lib/armv6-m\libg_nano.a(lib_a-ctype_.o)
                0x2000014c                __ctype_ptr__
                0x20000150                . = ALIGN (0x8)
 *(.ram)
                0x20000150                _edata = .

.igot.plt       0x20000150        0x0 load address 0x000034f0
 .igot.plt      0x00000000        0x0 c:/program files (x86)/cypress/psoc creator/4.0/psoc creator/import/gnu/arm/4.9.3/bin/../lib/gcc/arm-none-eabi/4.9.3/armv6-m/crtbegin.o

.bss            0x20000150       0x70 load address 0x000034f0
                0x20000150                PROVIDE (__bss_start__, .)
 *(.shbss)
 *(.bss .bss.* .gnu.linkonce.b.*)
 .bss           0x20000150       0x1c c:/program files (x86)/cypress/psoc creator/4.0/psoc creator/import/gnu/arm/4.9.3/bin/../lib/gcc/arm-none-eabi/4.9.3/armv6-m/crtbegin.o
 .bss           0x2000016c        0x1 .\CortexM0\ARM_GCC_493\Debug\dcsd.a(PWM_MOT.o)
                0x2000016c                PWM_MOT_initVar
 .bss           0x2000016d        0x1 .\CortexM0\ARM_GCC_493\Debug\dcsd.a(ADC.o)
                0x2000016d                ADC_initVar
 .bss           0x2000016e        0x4 .\CortexM0\ARM_GCC_493\Debug\dcsd.a(UART.o)
                0x2000016e                UART_initVar
                0x20000170                UART_IntrTxMask
 *fill*         0x20000172        0x2 
 .bss           0x20000174       0x20 .\CortexM0\ARM_GCC_493\Debug\dcsd.a(CyLFClk.o)
 .bss           0x20000194        0x1 .\CortexM0\ARM_GCC_493\Debug\dcsd.a(TX_SEND.o)
                0x20000194                TX_SEND_initVar
 .bss           0x20000195        0x1 .\CortexM0\ARM_GCC_493\Debug\dcsd.a(QDEC.o)
                0x20000195                QDEC_initVar
 *fill*         0x20000196        0x2 
 .bss           0x20000198        0x4 .\CortexM0\ARM_GCC_493\Debug\dcsd.a(QDEC_INT.o)
                0x20000198                QDEC_count32SoftPart
 .bss           0x2000019c        0x1 .\CortexM0\ARM_GCC_493\Debug\dcsd.a(QDEC_Cnt16.o)
                0x2000019c                QDEC_Cnt16_initVar
 *fill*         0x2000019d        0x3 
 .bss           0x200001a0        0x4 .\CortexM0\ARM_GCC_493\Debug\dcsd.a(CyFlash.o)
 *(COMMON)
 COMMON         0x200001a4        0xf .\CortexM0\ARM_GCC_493\Debug\main.o
                0x200001a4                command_parser
                0x200001aa                timeout_counter
                0x200001ac                set_point
                0x200001b0                transmit_ready
                0x200001b1                command_ready
                0x200001b2                command_index
 *fill*         0x200001b3        0x1 
 COMMON         0x200001b4        0x6 .\CortexM0\ARM_GCC_493\Debug\dcsd.a(ADC.o)
                0x200001b4                ADC_countsPer10Volt
                0x200001b8                ADC_offset
                0x200001c0                . = ALIGN (0x8)
 *fill*         0x200001ba        0x6 
 *(.ram.b)
                0x200001c0                _end = .
                0x200001c0                __end = .
                0x200001c0                PROVIDE (end, .)
                0x200001c0                PROVIDE (__bss_end__, .)
                0x00003470                __cy_region_init_ram = LOADADDR (.data)
                0x00000080                __cy_region_init_size_ram = (_edata - ADDR (.data))
                0x00000070                __cy_region_zero_size_ram = (_end - _edata)

.heap           0x200001c0       0x20 load address 0x000034f0
                0x200001c0                . = _end
                0x200001e0                . = (. + 0x20)
 *fill*         0x200001c0       0x20 
                0x200001e0                __cy_heap_limit = .

.stack          0x20000f00      0x100
                0x20000f00                __cy_stack_limit = .
                0x20001000                . = (. + 0x100)
 *fill*         0x20000f00      0x100 
                0x00000001                ASSERT ((__cy_stack_limit >= __cy_heap_limit), region RAM overflowed with stack)

.cy_checksum_exclude
                0x00007f80        0x0
 *(.cy_checksum_exclude)
                0x00000000                cy_checksum_exclude_size = (CY_APPL_LOADABLE == 0x1)?SIZEOF (.cy_checksum_exclude):0x0
                0x00000001                ASSERT ((cy_checksum_exclude_size <= CY_CHECKSUM_EXCLUDE_SIZE), CY_BOOT: Section .cy_checksum_exclude size exceedes specified limit.)
                0xf0000000                cyloadermeta_start = (cy_project_type_bootloader || cy_project_type_app_for_stack_and_copier)?(0x8000 - CY_METADATA_SIZE):0xf0000000

.cyloadermeta   0xf0000000       0x40
 *(.cyloadermeta)
 .cyloadermeta  0xf0000000       0x40 .\CortexM0\ARM_GCC_493\Debug\cybootloader.o
                0xf0000000                cy_meta_loader
                0x00007fc0                cyloadablemeta_start = cy_project_type_app_for_stack_and_copier?((0x8000 - CY_FLASH_ROW_SIZE) - CY_METADATA_SIZE):((0x8000 - (CY_FLASH_ROW_SIZE * (CY_APPL_NUM - 0x1))) - CY_METADATA_SIZE)

.cyloadablemeta
                0x00007fc0       0x40
 *(.cyloadablemeta)
 .cyloadablemeta
                0x00007fc0       0x40 .\CortexM0\ARM_GCC_493\Debug\cymetadata.o
                0x00007fc0                cy_meta_loadable

.cyflashprotect
                0x90400000       0x20
 *(.cyflashprotect)
 .cyflashprotect
                0x90400000       0x20 .\CortexM0\ARM_GCC_493\Debug\cybootloader.o
                0x90400000                cy_meta_flashprotect

.cymeta         0x90500000        0xc
 *(.cymeta)
 .cymeta        0x90500000        0xc .\CortexM0\ARM_GCC_493\Debug\cybootloader.o
                0x90500000                cy_metadata

.cychipprotect  0x90600000        0x4
 *(.cychipprotect)
 .cychipprotect
                0x90600000        0x4 .\CortexM0\ARM_GCC_493\Debug\cybootloader.o
                0x90600000                cy_meta_chipprotect

.rel.dyn        0x00008000        0x0 load address 0x90600004
 .rel.iplt      0x00000000        0x0 c:/program files (x86)/cypress/psoc creator/4.0/psoc creator/import/gnu/arm/4.9.3/bin/../lib/gcc/arm-none-eabi/4.9.3/armv6-m/crtbegin.o

.stab
 *(.stab)

.stabstr
 *(.stabstr)

.debug
 *(.debug)

.line
 *(.line)

.debug_srcinfo
 *(.debug_srcinfo)

.debug_sfnames
 *(.debug_sfnames)

.debug_aranges  0x00000000      0xdd8
 *(.debug_aranges)
 .debug_aranges
                0x00000000       0x40 .\CortexM0\ARM_GCC_493\Debug\main.o
 .debug_aranges
                0x00000040       0x18 .\CortexM0\ARM_GCC_493\Debug\cybootloader.o
 .debug_aranges
                0x00000058       0x18 .\CortexM0\ARM_GCC_493\Debug\cymetadata.o
 .debug_aranges
                0x00000070       0x48 .\CortexM0\ARM_GCC_493\Debug\Cm0Start.o
 .debug_aranges
                0x000000b8       0x28 .\CortexM0\ARM_GCC_493\Debug\dcsd.a(cyfitter_cfg.o)
 .debug_aranges
                0x000000e0      0x158 .\CortexM0\ARM_GCC_493\Debug\dcsd.a(PWM_MOT.o)
 .debug_aranges
                0x00000238       0x48 .\CortexM0\ARM_GCC_493\Debug\dcsd.a(vin.o)
 .debug_aranges
                0x00000280       0x48 .\CortexM0\ARM_GCC_493\Debug\dcsd.a(err.o)
 .debug_aranges
                0x000002c8       0x48 .\CortexM0\ARM_GCC_493\Debug\dcsd.a(phase.o)
 .debug_aranges
                0x00000310       0x48 .\CortexM0\ARM_GCC_493\Debug\dcsd.a(sleep.o)
 .debug_aranges
                0x00000358       0x48 .\CortexM0\ARM_GCC_493\Debug\dcsd.a(fault.o)
 .debug_aranges
                0x000003a0       0x48 .\CortexM0\ARM_GCC_493\Debug\dcsd.a(ovc.o)
 .debug_aranges
                0x000003e8       0xa8 .\CortexM0\ARM_GCC_493\Debug\dcsd.a(ADC.o)
 .debug_aranges
                0x00000490       0x20 .\CortexM0\ARM_GCC_493\Debug\dcsd.a(ADC_INT.o)
 .debug_aranges
                0x000004b0       0x50 .\CortexM0\ARM_GCC_493\Debug\dcsd.a(UART.o)
 .debug_aranges
                0x00000500       0x60 .\CortexM0\ARM_GCC_493\Debug\dcsd.a(UART_SPI_UART.o)
 .debug_aranges
                0x00000560       0x60 .\CortexM0\ARM_GCC_493\Debug\dcsd.a(UART_UART.o)
 .debug_aranges
                0x000005c0       0x48 .\CortexM0\ARM_GCC_493\Debug\dcsd.a(reset.o)
 .debug_aranges
                0x00000608       0x48 .\CortexM0\ARM_GCC_493\Debug\dcsd.a(error.o)
 .debug_aranges
                0x00000650       0x48 .\CortexM0\ARM_GCC_493\Debug\dcsd.a(direction.o)
 .debug_aranges
                0x00000698       0x48 .\CortexM0\ARM_GCC_493\Debug\dcsd.a(step.o)
 .debug_aranges
                0x000006e0      0x178 .\CortexM0\ARM_GCC_493\Debug\dcsd.a(CyLib.o)
 .debug_aranges
                0x00000858      0x118 .\CortexM0\ARM_GCC_493\Debug\dcsd.a(CyLFClk.o)
 .debug_aranges
                0x00000970       0x80 .\CortexM0\ARM_GCC_493\Debug\dcsd.a(stepISR.o)
 .debug_aranges
                0x000009f0       0x80 .\CortexM0\ARM_GCC_493\Debug\dcsd.a(rxISR.o)
 .debug_aranges
                0x00000a70      0x158 .\CortexM0\ARM_GCC_493\Debug\dcsd.a(TX_SEND.o)
 .debug_aranges
                0x00000bc8       0x80 .\CortexM0\ARM_GCC_493\Debug\dcsd.a(txISR.o)
 .debug_aranges
                0x00000c48       0x30 .\CortexM0\ARM_GCC_493\Debug\dcsd.a(EEPROM.o)
 .debug_aranges
                0x00000c78       0x60 .\CortexM0\ARM_GCC_493\Debug\dcsd.a(QDEC.o)
 .debug_aranges
                0x00000cd8       0x20 .\CortexM0\ARM_GCC_493\Debug\dcsd.a(QDEC_INT.o)
 .debug_aranges
                0x00000cf8       0x98 .\CortexM0\ARM_GCC_493\Debug\dcsd.a(QDEC_Cnt16.o)
 .debug_aranges
                0x00000d90       0x20 .\CortexM0\ARM_GCC_493\Debug\dcsd.a(CyBootAsmGnu.o)
 .debug_aranges
                0x00000db0       0x28 .\CortexM0\ARM_GCC_493\Debug\dcsd.a(CyFlash.o)

.debug_pubnames
 *(.debug_pubnames)

.debug_info     0x00000000     0x79b8
 *(.debug_info .gnu.linkonce.wi.*)
 .debug_info    0x00000000      0x8f9 .\CortexM0\ARM_GCC_493\Debug\main.o
 .debug_info    0x000008f9      0x14e .\CortexM0\ARM_GCC_493\Debug\cybootloader.o
 .debug_info    0x00000a47       0xb2 .\CortexM0\ARM_GCC_493\Debug\cymetadata.o
 .debug_info    0x00000af9      0x399 .\CortexM0\ARM_GCC_493\Debug\Cm0Start.o
 .debug_info    0x00000e92      0x440 .\CortexM0\ARM_GCC_493\Debug\dcsd.a(cyfitter_cfg.o)
 .debug_info    0x000012d2      0xa2b .\CortexM0\ARM_GCC_493\Debug\dcsd.a(PWM_MOT.o)
 .debug_info    0x00001cfd      0x19b .\CortexM0\ARM_GCC_493\Debug\dcsd.a(vin.o)
 .debug_info    0x00001e98      0x19b .\CortexM0\ARM_GCC_493\Debug\dcsd.a(err.o)
 .debug_info    0x00002033      0x199 .\CortexM0\ARM_GCC_493\Debug\dcsd.a(phase.o)
 .debug_info    0x000021cc      0x19b .\CortexM0\ARM_GCC_493\Debug\dcsd.a(sleep.o)
 .debug_info    0x00002367      0x19b .\CortexM0\ARM_GCC_493\Debug\dcsd.a(fault.o)
 .debug_info    0x00002502      0x19b .\CortexM0\ARM_GCC_493\Debug\dcsd.a(ovc.o)
 .debug_info    0x0000269d      0x5c0 .\CortexM0\ARM_GCC_493\Debug\dcsd.a(ADC.o)
 .debug_info    0x00002c5d       0xc4 .\CortexM0\ARM_GCC_493\Debug\dcsd.a(ADC_INT.o)
 .debug_info    0x00002d21      0x274 .\CortexM0\ARM_GCC_493\Debug\dcsd.a(UART.o)
 .debug_info    0x00002f95      0x23e .\CortexM0\ARM_GCC_493\Debug\dcsd.a(UART_SPI_UART.o)
 .debug_info    0x000031d3      0x2c4 .\CortexM0\ARM_GCC_493\Debug\dcsd.a(UART_UART.o)
 .debug_info    0x00003497      0x19b .\CortexM0\ARM_GCC_493\Debug\dcsd.a(reset.o)
 .debug_info    0x00003632      0x199 .\CortexM0\ARM_GCC_493\Debug\dcsd.a(error.o)
 .debug_info    0x000037cb      0x19b .\CortexM0\ARM_GCC_493\Debug\dcsd.a(direction.o)
 .debug_info    0x00003966      0x19b .\CortexM0\ARM_GCC_493\Debug\dcsd.a(step.o)
 .debug_info    0x00003b01      0xd1a .\CortexM0\ARM_GCC_493\Debug\dcsd.a(CyLib.o)
 .debug_info    0x0000481b      0xebf .\CortexM0\ARM_GCC_493\Debug\dcsd.a(CyLFClk.o)
 .debug_info    0x000056da      0x350 .\CortexM0\ARM_GCC_493\Debug\dcsd.a(stepISR.o)
 .debug_info    0x00005a2a      0x350 .\CortexM0\ARM_GCC_493\Debug\dcsd.a(rxISR.o)
 .debug_info    0x00005d7a      0x9e4 .\CortexM0\ARM_GCC_493\Debug\dcsd.a(TX_SEND.o)
 .debug_info    0x0000675e      0x350 .\CortexM0\ARM_GCC_493\Debug\dcsd.a(txISR.o)
 .debug_info    0x00006aae      0x1e4 .\CortexM0\ARM_GCC_493\Debug\dcsd.a(EEPROM.o)
 .debug_info    0x00006c92      0x422 .\CortexM0\ARM_GCC_493\Debug\dcsd.a(QDEC.o)
 .debug_info    0x000070b4       0xec .\CortexM0\ARM_GCC_493\Debug\dcsd.a(QDEC_INT.o)
 .debug_info    0x000071a0      0x3fc .\CortexM0\ARM_GCC_493\Debug\dcsd.a(QDEC_Cnt16.o)
 .debug_info    0x0000759c       0x90 .\CortexM0\ARM_GCC_493\Debug\dcsd.a(CyBootAsmGnu.o)
 .debug_info    0x0000762c      0x38c .\CortexM0\ARM_GCC_493\Debug\dcsd.a(CyFlash.o)

.debug_abbrev   0x00000000     0x2ea7
 *(.debug_abbrev)
 .debug_abbrev  0x00000000      0x210 .\CortexM0\ARM_GCC_493\Debug\main.o
 .debug_abbrev  0x00000210       0x77 .\CortexM0\ARM_GCC_493\Debug\cybootloader.o
 .debug_abbrev  0x00000287       0x5d .\CortexM0\ARM_GCC_493\Debug\cymetadata.o
 .debug_abbrev  0x000002e4      0x20d .\CortexM0\ARM_GCC_493\Debug\Cm0Start.o
 .debug_abbrev  0x000004f1      0x261 .\CortexM0\ARM_GCC_493\Debug\dcsd.a(cyfitter_cfg.o)
 .debug_abbrev  0x00000752      0x1c6 .\CortexM0\ARM_GCC_493\Debug\dcsd.a(PWM_MOT.o)
 .debug_abbrev  0x00000918       0xc6 .\CortexM0\ARM_GCC_493\Debug\dcsd.a(vin.o)
 .debug_abbrev  0x000009de       0xc6 .\CortexM0\ARM_GCC_493\Debug\dcsd.a(err.o)
 .debug_abbrev  0x00000aa4       0xd5 .\CortexM0\ARM_GCC_493\Debug\dcsd.a(phase.o)
 .debug_abbrev  0x00000b79       0xc6 .\CortexM0\ARM_GCC_493\Debug\dcsd.a(sleep.o)
 .debug_abbrev  0x00000c3f       0xc6 .\CortexM0\ARM_GCC_493\Debug\dcsd.a(fault.o)
 .debug_abbrev  0x00000d05       0xc6 .\CortexM0\ARM_GCC_493\Debug\dcsd.a(ovc.o)
 .debug_abbrev  0x00000dcb      0x1db .\CortexM0\ARM_GCC_493\Debug\dcsd.a(ADC.o)
 .debug_abbrev  0x00000fa6       0x65 .\CortexM0\ARM_GCC_493\Debug\dcsd.a(ADC_INT.o)
 .debug_abbrev  0x0000100b      0x136 .\CortexM0\ARM_GCC_493\Debug\dcsd.a(UART.o)
 .debug_abbrev  0x00001141      0x188 .\CortexM0\ARM_GCC_493\Debug\dcsd.a(UART_SPI_UART.o)
 .debug_abbrev  0x000012c9      0x13d .\CortexM0\ARM_GCC_493\Debug\dcsd.a(UART_UART.o)
 .debug_abbrev  0x00001406       0xc6 .\CortexM0\ARM_GCC_493\Debug\dcsd.a(reset.o)
 .debug_abbrev  0x000014cc       0xd5 .\CortexM0\ARM_GCC_493\Debug\dcsd.a(error.o)
 .debug_abbrev  0x000015a1       0xc6 .\CortexM0\ARM_GCC_493\Debug\dcsd.a(direction.o)
 .debug_abbrev  0x00001667       0xc6 .\CortexM0\ARM_GCC_493\Debug\dcsd.a(step.o)
 .debug_abbrev  0x0000172d      0x352 .\CortexM0\ARM_GCC_493\Debug\dcsd.a(CyLib.o)
 .debug_abbrev  0x00001a7f      0x3a5 .\CortexM0\ARM_GCC_493\Debug\dcsd.a(CyLFClk.o)
 .debug_abbrev  0x00001e24      0x25e .\CortexM0\ARM_GCC_493\Debug\dcsd.a(stepISR.o)
 .debug_abbrev  0x00002082      0x24d .\CortexM0\ARM_GCC_493\Debug\dcsd.a(rxISR.o)
 .debug_abbrev  0x000022cf      0x1c6 .\CortexM0\ARM_GCC_493\Debug\dcsd.a(TX_SEND.o)
 .debug_abbrev  0x00002495      0x25e .\CortexM0\ARM_GCC_493\Debug\dcsd.a(txISR.o)
 .debug_abbrev  0x000026f3      0x101 .\CortexM0\ARM_GCC_493\Debug\dcsd.a(EEPROM.o)
 .debug_abbrev  0x000027f4      0x201 .\CortexM0\ARM_GCC_493\Debug\dcsd.a(QDEC.o)
 .debug_abbrev  0x000029f5       0x78 .\CortexM0\ARM_GCC_493\Debug\dcsd.a(QDEC_INT.o)
 .debug_abbrev  0x00002a6d      0x219 .\CortexM0\ARM_GCC_493\Debug\dcsd.a(QDEC_Cnt16.o)
 .debug_abbrev  0x00002c86       0x14 .\CortexM0\ARM_GCC_493\Debug\dcsd.a(CyBootAsmGnu.o)
 .debug_abbrev  0x00002c9a      0x20d .\CortexM0\ARM_GCC_493\Debug\dcsd.a(CyFlash.o)

.debug_line     0x00000000     0x3634
 *(.debug_line)
 .debug_line    0x00000000      0x38c .\CortexM0\ARM_GCC_493\Debug\main.o
 .debug_line    0x0000038c       0x53 .\CortexM0\ARM_GCC_493\Debug\cybootloader.o
 .debug_line    0x000003df       0x51 .\CortexM0\ARM_GCC_493\Debug\cymetadata.o
 .debug_line    0x00000430      0x259 .\CortexM0\ARM_GCC_493\Debug\Cm0Start.o
 .debug_line    0x00000689      0x1ca .\CortexM0\ARM_GCC_493\Debug\dcsd.a(cyfitter_cfg.o)
 .debug_line    0x00000853      0x41f .\CortexM0\ARM_GCC_493\Debug\dcsd.a(PWM_MOT.o)
 .debug_line    0x00000c72       0xc8 .\CortexM0\ARM_GCC_493\Debug\dcsd.a(vin.o)
 .debug_line    0x00000d3a       0xc8 .\CortexM0\ARM_GCC_493\Debug\dcsd.a(err.o)
 .debug_line    0x00000e02       0xc9 .\CortexM0\ARM_GCC_493\Debug\dcsd.a(phase.o)
 .debug_line    0x00000ecb       0xca .\CortexM0\ARM_GCC_493\Debug\dcsd.a(sleep.o)
 .debug_line    0x00000f95       0xca .\CortexM0\ARM_GCC_493\Debug\dcsd.a(fault.o)
 .debug_line    0x0000105f       0xc8 .\CortexM0\ARM_GCC_493\Debug\dcsd.a(ovc.o)
 .debug_line    0x00001127      0x2ed .\CortexM0\ARM_GCC_493\Debug\dcsd.a(ADC.o)
 .debug_line    0x00001414       0x68 .\CortexM0\ARM_GCC_493\Debug\dcsd.a(ADC_INT.o)
 .debug_line    0x0000147c      0x136 .\CortexM0\ARM_GCC_493\Debug\dcsd.a(UART.o)
 .debug_line    0x000015b2      0x138 .\CortexM0\ARM_GCC_493\Debug\dcsd.a(UART_SPI_UART.o)
 .debug_line    0x000016ea      0x179 .\CortexM0\ARM_GCC_493\Debug\dcsd.a(UART_UART.o)
 .debug_line    0x00001863       0xcc .\CortexM0\ARM_GCC_493\Debug\dcsd.a(reset.o)
 .debug_line    0x0000192f       0xc9 .\CortexM0\ARM_GCC_493\Debug\dcsd.a(error.o)
 .debug_line    0x000019f8       0xce .\CortexM0\ARM_GCC_493\Debug\dcsd.a(direction.o)
 .debug_line    0x00001ac6       0xc9 .\CortexM0\ARM_GCC_493\Debug\dcsd.a(step.o)
 .debug_line    0x00001b8f      0x561 .\CortexM0\ARM_GCC_493\Debug\dcsd.a(CyLib.o)
 .debug_line    0x000020f0      0x584 .\CortexM0\ARM_GCC_493\Debug\dcsd.a(CyLFClk.o)
 .debug_line    0x00002674      0x1b1 .\CortexM0\ARM_GCC_493\Debug\dcsd.a(stepISR.o)
 .debug_line    0x00002825      0x19f .\CortexM0\ARM_GCC_493\Debug\dcsd.a(rxISR.o)
 .debug_line    0x000029c4      0x41a .\CortexM0\ARM_GCC_493\Debug\dcsd.a(TX_SEND.o)
 .debug_line    0x00002dde      0x1ad .\CortexM0\ARM_GCC_493\Debug\dcsd.a(txISR.o)
 .debug_line    0x00002f8b       0xc5 .\CortexM0\ARM_GCC_493\Debug\dcsd.a(EEPROM.o)
 .debug_line    0x00003050      0x163 .\CortexM0\ARM_GCC_493\Debug\dcsd.a(QDEC.o)
 .debug_line    0x000031b3       0x6e .\CortexM0\ARM_GCC_493\Debug\dcsd.a(QDEC_INT.o)
 .debug_line    0x00003221      0x20c .\CortexM0\ARM_GCC_493\Debug\dcsd.a(QDEC_Cnt16.o)
 .debug_line    0x0000342d       0x69 .\CortexM0\ARM_GCC_493\Debug\dcsd.a(CyBootAsmGnu.o)
 .debug_line    0x00003496      0x19e .\CortexM0\ARM_GCC_493\Debug\dcsd.a(CyFlash.o)

.debug_frame    0x00000000     0x2120
 *(.debug_frame)
 .debug_frame   0x00000000       0xac .\CortexM0\ARM_GCC_493\Debug\main.o
 .debug_frame   0x000000ac       0xbc .\CortexM0\ARM_GCC_493\Debug\Cm0Start.o
 .debug_frame   0x00000168       0x48 .\CortexM0\ARM_GCC_493\Debug\dcsd.a(cyfitter_cfg.o)
 .debug_frame   0x000001b0      0x384 .\CortexM0\ARM_GCC_493\Debug\dcsd.a(PWM_MOT.o)
 .debug_frame   0x00000534       0x70 .\CortexM0\ARM_GCC_493\Debug\dcsd.a(vin.o)
 .debug_frame   0x000005a4       0x70 .\CortexM0\ARM_GCC_493\Debug\dcsd.a(err.o)
 .debug_frame   0x00000614       0x70 .\CortexM0\ARM_GCC_493\Debug\dcsd.a(phase.o)
 .debug_frame   0x00000684       0x70 .\CortexM0\ARM_GCC_493\Debug\dcsd.a(sleep.o)
 .debug_frame   0x000006f4       0x70 .\CortexM0\ARM_GCC_493\Debug\dcsd.a(fault.o)
 .debug_frame   0x00000764       0x70 .\CortexM0\ARM_GCC_493\Debug\dcsd.a(ovc.o)
 .debug_frame   0x000007d4      0x1b0 .\CortexM0\ARM_GCC_493\Debug\dcsd.a(ADC.o)
 .debug_frame   0x00000984       0x20 .\CortexM0\ARM_GCC_493\Debug\dcsd.a(ADC_INT.o)
 .debug_frame   0x000009a4       0xb0 .\CortexM0\ARM_GCC_493\Debug\dcsd.a(UART.o)
 .debug_frame   0x00000a54       0xb0 .\CortexM0\ARM_GCC_493\Debug\dcsd.a(UART_SPI_UART.o)
 .debug_frame   0x00000b04       0xdc .\CortexM0\ARM_GCC_493\Debug\dcsd.a(UART_UART.o)
 .debug_frame   0x00000be0       0x70 .\CortexM0\ARM_GCC_493\Debug\dcsd.a(reset.o)
 .debug_frame   0x00000c50       0x70 .\CortexM0\ARM_GCC_493\Debug\dcsd.a(error.o)
 .debug_frame   0x00000cc0       0x70 .\CortexM0\ARM_GCC_493\Debug\dcsd.a(direction.o)
 .debug_frame   0x00000d30       0x70 .\CortexM0\ARM_GCC_493\Debug\dcsd.a(step.o)
 .debug_frame   0x00000da0      0x398 .\CortexM0\ARM_GCC_493\Debug\dcsd.a(CyLib.o)
 .debug_frame   0x00001138      0x334 .\CortexM0\ARM_GCC_493\Debug\dcsd.a(CyLFClk.o)
 .debug_frame   0x0000146c      0x104 .\CortexM0\ARM_GCC_493\Debug\dcsd.a(stepISR.o)
 .debug_frame   0x00001570      0x104 .\CortexM0\ARM_GCC_493\Debug\dcsd.a(rxISR.o)
 .debug_frame   0x00001674      0x384 .\CortexM0\ARM_GCC_493\Debug\dcsd.a(TX_SEND.o)
 .debug_frame   0x000019f8      0x104 .\CortexM0\ARM_GCC_493\Debug\dcsd.a(txISR.o)
 .debug_frame   0x00001afc       0x68 .\CortexM0\ARM_GCC_493\Debug\dcsd.a(EEPROM.o)
 .debug_frame   0x00001b64       0xe8 .\CortexM0\ARM_GCC_493\Debug\dcsd.a(QDEC.o)
 .debug_frame   0x00001c4c       0x20 .\CortexM0\ARM_GCC_493\Debug\dcsd.a(QDEC_INT.o)
 .debug_frame   0x00001c6c      0x128 .\CortexM0\ARM_GCC_493\Debug\dcsd.a(QDEC_Cnt16.o)
 .debug_frame   0x00001d94       0x64 .\CortexM0\ARM_GCC_493\Debug\dcsd.a(CyFlash.o)
 .debug_frame   0x00001df8       0x20 c:/program files (x86)/cypress/psoc creator/4.0/psoc creator/import/gnu/arm/4.9.3/bin/../lib/gcc/arm-none-eabi/4.9.3/armv6-m\libgcc.a(_udivsi3.o)
 .debug_frame   0x00001e18       0x20 c:/program files (x86)/cypress/psoc creator/4.0/psoc creator/import/gnu/arm/4.9.3/bin/../lib/gcc/arm-none-eabi/4.9.3/armv6-m\libgcc.a(_divsi3.o)
 .debug_frame   0x00001e38       0x34 c:/program files (x86)/cypress/psoc creator/4.0/psoc creator/import/gnu/arm/4.9.3/bin/../lib/gcc/arm-none-eabi/4.9.3/armv6-m\libgcc.a(_muldi3.o)
 .debug_frame   0x00001e6c       0x50 c:/program files (x86)/cypress/psoc creator/4.0/psoc creator/import/gnu/arm/4.9.3/bin/../lib/gcc/arm-none-eabi/4.9.3/armv6-m\libgcc.a(bpabi.o)
 .debug_frame   0x00001ebc       0x3c c:/program files (x86)/cypress/psoc creator/4.0/psoc creator/import/gnu/arm/4.9.3/bin/../lib/gcc/arm-none-eabi/4.9.3/armv6-m\libgcc.a(divsf3.o)
 .debug_frame   0x00001ef8       0x3c c:/program files (x86)/cypress/psoc creator/4.0/psoc creator/import/gnu/arm/4.9.3/bin/../lib/gcc/arm-none-eabi/4.9.3/armv6-m\libgcc.a(mulsf3.o)
 .debug_frame   0x00001f34       0x2c c:/program files (x86)/cypress/psoc creator/4.0/psoc creator/import/gnu/arm/4.9.3/bin/../lib/gcc/arm-none-eabi/4.9.3/armv6-m\libgcc.a(floatsisf.o)
 .debug_frame   0x00001f60       0x3c c:/program files (x86)/cypress/psoc creator/4.0/psoc creator/import/gnu/arm/4.9.3/bin/../lib/gcc/arm-none-eabi/4.9.3/armv6-m\libgcc.a(_divdi3.o)
 .debug_frame   0x00001f9c       0x3c c:/program files (x86)/cypress/psoc creator/4.0/psoc creator/import/gnu/arm/4.9.3/bin/../lib/gcc/arm-none-eabi/4.9.3/armv6-m\libgcc.a(_udivdi3.o)
 .debug_frame   0x00001fd8       0x40 c:/program files (x86)/cypress/psoc creator/4.0/psoc creator/import/gnu/arm/4.9.3/bin/../lib/gcc/arm-none-eabi/4.9.3/../../../../arm-none-eabi/lib/armv6-m\libg_nano.a(lib_a-atoi.o)
 .debug_frame   0x00002018       0x20 c:/program files (x86)/cypress/psoc creator/4.0/psoc creator/import/gnu/arm/4.9.3/bin/../lib/gcc/arm-none-eabi/4.9.3/../../../../arm-none-eabi/lib/armv6-m\libg_nano.a(lib_a-errno.o)
 .debug_frame   0x00002038       0x28 c:/program files (x86)/cypress/psoc creator/4.0/psoc creator/import/gnu/arm/4.9.3/bin/../lib/gcc/arm-none-eabi/4.9.3/../../../../arm-none-eabi/lib/armv6-m\libg_nano.a(lib_a-exit.o)
 .debug_frame   0x00002060       0x2c c:/program files (x86)/cypress/psoc creator/4.0/psoc creator/import/gnu/arm/4.9.3/bin/../lib/gcc/arm-none-eabi/4.9.3/../../../../arm-none-eabi/lib/armv6-m\libg_nano.a(lib_a-init.o)
 .debug_frame   0x0000208c       0x28 c:/program files (x86)/cypress/psoc creator/4.0/psoc creator/import/gnu/arm/4.9.3/bin/../lib/gcc/arm-none-eabi/4.9.3/../../../../arm-none-eabi/lib/armv6-m\libg_nano.a(lib_a-memcpy.o)
 .debug_frame   0x000020b4       0x20 c:/program files (x86)/cypress/psoc creator/4.0/psoc creator/import/gnu/arm/4.9.3/bin/../lib/gcc/arm-none-eabi/4.9.3/../../../../arm-none-eabi/lib/armv6-m\libg_nano.a(lib_a-memset.o)
 .debug_frame   0x000020d4       0x4c c:/program files (x86)/cypress/psoc creator/4.0/psoc creator/import/gnu/arm/4.9.3/bin/../lib/gcc/arm-none-eabi/4.9.3/../../../../arm-none-eabi/lib/armv6-m\libg_nano.a(lib_a-strtol.o)

.debug_str      0x00000000     0x2a45
 *(.debug_str)
 .debug_str     0x00000000      0x4e1 .\CortexM0\ARM_GCC_493\Debug\main.o
                                0x57b (size before relaxing)
 .debug_str     0x000004e1       0x78 .\CortexM0\ARM_GCC_493\Debug\cybootloader.o
                                0x1f6 (size before relaxing)
 .debug_str     0x00000559       0x35 .\CortexM0\ARM_GCC_493\Debug\cymetadata.o
                                0x1b3 (size before relaxing)
 .debug_str     0x0000058e      0x156 .\CortexM0\ARM_GCC_493\Debug\Cm0Start.o
                                0x30d (size before relaxing)
 .debug_str     0x000006e4      0x125 .\CortexM0\ARM_GCC_493\Debug\dcsd.a(cyfitter_cfg.o)
                                0x307 (size before relaxing)
 .debug_str     0x00000809      0x44e .\CortexM0\ARM_GCC_493\Debug\dcsd.a(PWM_MOT.o)
                                0x602 (size before relaxing)
 .debug_str     0x00000c57       0x93 .\CortexM0\ARM_GCC_493\Debug\dcsd.a(vin.o)
                                0x231 (size before relaxing)
 .debug_str     0x00000cea       0x6f .\CortexM0\ARM_GCC_493\Debug\dcsd.a(err.o)
                                0x231 (size before relaxing)
 .debug_str     0x00000d59       0x7b .\CortexM0\ARM_GCC_493\Debug\dcsd.a(phase.o)
                                0x23f (size before relaxing)
 .debug_str     0x00000dd4       0x7b .\CortexM0\ARM_GCC_493\Debug\dcsd.a(sleep.o)
                                0x23f (size before relaxing)
 .debug_str     0x00000e4f       0x7c .\CortexM0\ARM_GCC_493\Debug\dcsd.a(fault.o)
                                0x23f (size before relaxing)
 .debug_str     0x00000ecb       0x70 .\CortexM0\ARM_GCC_493\Debug\dcsd.a(ovc.o)
                                0x231 (size before relaxing)
 .debug_str     0x00000f3b      0x1cc .\CortexM0\ARM_GCC_493\Debug\dcsd.a(ADC.o)
                                0x3ce (size before relaxing)
 .debug_str     0x00001107       0x35 .\CortexM0\ARM_GCC_493\Debug\dcsd.a(ADC_INT.o)
                                0x1ba (size before relaxing)
 .debug_str     0x0000113c      0x126 .\CortexM0\ARM_GCC_493\Debug\dcsd.a(UART.o)
                                0x2c3 (size before relaxing)
 .debug_str     0x00001262      0x11d .\CortexM0\ARM_GCC_493\Debug\dcsd.a(UART_SPI_UART.o)
                                0x2cb (size before relaxing)
 .debug_str     0x0000137f       0xa8 .\CortexM0\ARM_GCC_493\Debug\dcsd.a(UART_UART.o)
                                0x2ff (size before relaxing)
 .debug_str     0x00001427       0x7c .\CortexM0\ARM_GCC_493\Debug\dcsd.a(reset.o)
                                0x23f (size before relaxing)
 .debug_str     0x000014a3       0x7b .\CortexM0\ARM_GCC_493\Debug\dcsd.a(error.o)
                                0x23f (size before relaxing)
 .debug_str     0x0000151e       0x94 .\CortexM0\ARM_GCC_493\Debug\dcsd.a(direction.o)
                                0x25b (size before relaxing)
 .debug_str     0x000015b2       0x6c .\CortexM0\ARM_GCC_493\Debug\dcsd.a(step.o)
                                0x238 (size before relaxing)
 .debug_str     0x0000161e      0x446 .\CortexM0\ARM_GCC_493\Debug\dcsd.a(CyLib.o)
                                0x692 (size before relaxing)
 .debug_str     0x00001a64      0x520 .\CortexM0\ARM_GCC_493\Debug\dcsd.a(CyLFClk.o)
                                0x73a (size before relaxing)
 .debug_str     0x00001f84      0x101 .\CortexM0\ARM_GCC_493\Debug\dcsd.a(stepISR.o)
                                0x303 (size before relaxing)
 .debug_str     0x00002085       0xd8 .\CortexM0\ARM_GCC_493\Debug\dcsd.a(rxISR.o)
                                0x2e7 (size before relaxing)
 .debug_str     0x0000215d      0x36d .\CortexM0\ARM_GCC_493\Debug\dcsd.a(TX_SEND.o)
                                0x602 (size before relaxing)
 .debug_str     0x000024ca       0xd8 .\CortexM0\ARM_GCC_493\Debug\dcsd.a(txISR.o)
                                0x2e7 (size before relaxing)
 .debug_str     0x000025a2       0x9a .\CortexM0\ARM_GCC_493\Debug\dcsd.a(EEPROM.o)
                                0x247 (size before relaxing)
 .debug_str     0x0000263c      0x10a .\CortexM0\ARM_GCC_493\Debug\dcsd.a(QDEC.o)
                                0x350 (size before relaxing)
 .debug_str     0x00002746       0x39 .\CortexM0\ARM_GCC_493\Debug\dcsd.a(QDEC_INT.o)
                                0x1d7 (size before relaxing)
 .debug_str     0x0000277f      0x196 .\CortexM0\ARM_GCC_493\Debug\dcsd.a(QDEC_Cnt16.o)
                                0x3b4 (size before relaxing)
 .debug_str     0x00002915      0x130 .\CortexM0\ARM_GCC_493\Debug\dcsd.a(CyFlash.o)
                                0x32b (size before relaxing)

.debug_loc      0x00000000     0x3ab1
 *(.debug_loc)
 .debug_loc     0x00000000      0x497 .\CortexM0\ARM_GCC_493\Debug\main.o
 .debug_loc     0x00000497      0x1a5 .\CortexM0\ARM_GCC_493\Debug\Cm0Start.o
 .debug_loc     0x0000063c      0x124 .\CortexM0\ARM_GCC_493\Debug\dcsd.a(cyfitter_cfg.o)
 .debug_loc     0x00000760      0x5a1 .\CortexM0\ARM_GCC_493\Debug\dcsd.a(PWM_MOT.o)
 .debug_loc     0x00000d01       0xa1 .\CortexM0\ARM_GCC_493\Debug\dcsd.a(vin.o)
 .debug_loc     0x00000da2       0xa1 .\CortexM0\ARM_GCC_493\Debug\dcsd.a(err.o)
 .debug_loc     0x00000e43       0x80 .\CortexM0\ARM_GCC_493\Debug\dcsd.a(phase.o)
 .debug_loc     0x00000ec3       0xa1 .\CortexM0\ARM_GCC_493\Debug\dcsd.a(sleep.o)
 .debug_loc     0x00000f64       0xa1 .\CortexM0\ARM_GCC_493\Debug\dcsd.a(fault.o)
 .debug_loc     0x00001005       0xa1 .\CortexM0\ARM_GCC_493\Debug\dcsd.a(ovc.o)
 .debug_loc     0x000010a6      0x3fd .\CortexM0\ARM_GCC_493\Debug\dcsd.a(ADC.o)
 .debug_loc     0x000014a3       0x7e .\CortexM0\ARM_GCC_493\Debug\dcsd.a(UART.o)
 .debug_loc     0x00001521       0xef .\CortexM0\ARM_GCC_493\Debug\dcsd.a(UART_SPI_UART.o)
 .debug_loc     0x00001610      0x1b6 .\CortexM0\ARM_GCC_493\Debug\dcsd.a(UART_UART.o)
 .debug_loc     0x000017c6       0xa1 .\CortexM0\ARM_GCC_493\Debug\dcsd.a(reset.o)
 .debug_loc     0x00001867       0x80 .\CortexM0\ARM_GCC_493\Debug\dcsd.a(error.o)
 .debug_loc     0x000018e7       0xa1 .\CortexM0\ARM_GCC_493\Debug\dcsd.a(direction.o)
 .debug_loc     0x00001988       0xa1 .\CortexM0\ARM_GCC_493\Debug\dcsd.a(step.o)
 .debug_loc     0x00001a29      0x7c9 .\CortexM0\ARM_GCC_493\Debug\dcsd.a(CyLib.o)
 .debug_loc     0x000021f2      0xb60 .\CortexM0\ARM_GCC_493\Debug\dcsd.a(CyLFClk.o)
 .debug_loc     0x00002d52       0xaa .\CortexM0\ARM_GCC_493\Debug\dcsd.a(stepISR.o)
 .debug_loc     0x00002dfc       0xac .\CortexM0\ARM_GCC_493\Debug\dcsd.a(rxISR.o)
 .debug_loc     0x00002ea8      0x58d .\CortexM0\ARM_GCC_493\Debug\dcsd.a(TX_SEND.o)
 .debug_loc     0x00003435       0xab .\CortexM0\ARM_GCC_493\Debug\dcsd.a(txISR.o)
 .debug_loc     0x000034e0      0x1c6 .\CortexM0\ARM_GCC_493\Debug\dcsd.a(EEPROM.o)
 .debug_loc     0x000036a6       0xb8 .\CortexM0\ARM_GCC_493\Debug\dcsd.a(QDEC.o)
 .debug_loc     0x0000375e       0x1e .\CortexM0\ARM_GCC_493\Debug\dcsd.a(QDEC_INT.o)
 .debug_loc     0x0000377c       0x58 .\CortexM0\ARM_GCC_493\Debug\dcsd.a(QDEC_Cnt16.o)
 .debug_loc     0x000037d4      0x2dd .\CortexM0\ARM_GCC_493\Debug\dcsd.a(CyFlash.o)

.debug_macinfo
 *(.debug_macinfo)

.debug_ranges   0x00000000     0x1178
 *(.debug_ranges)
 .debug_ranges  0x00000000       0x48 .\CortexM0\ARM_GCC_493\Debug\main.o
 .debug_ranges  0x00000048       0x58 .\CortexM0\ARM_GCC_493\Debug\Cm0Start.o
 .debug_ranges  0x000000a0       0xd0 .\CortexM0\ARM_GCC_493\Debug\dcsd.a(cyfitter_cfg.o)
 .debug_ranges  0x00000170      0x160 .\CortexM0\ARM_GCC_493\Debug\dcsd.a(PWM_MOT.o)
 .debug_ranges  0x000002d0       0x38 .\CortexM0\ARM_GCC_493\Debug\dcsd.a(vin.o)
 .debug_ranges  0x00000308       0x38 .\CortexM0\ARM_GCC_493\Debug\dcsd.a(err.o)
 .debug_ranges  0x00000340       0x38 .\CortexM0\ARM_GCC_493\Debug\dcsd.a(phase.o)
 .debug_ranges  0x00000378       0x38 .\CortexM0\ARM_GCC_493\Debug\dcsd.a(sleep.o)
 .debug_ranges  0x000003b0       0x38 .\CortexM0\ARM_GCC_493\Debug\dcsd.a(fault.o)
 .debug_ranges  0x000003e8       0x38 .\CortexM0\ARM_GCC_493\Debug\dcsd.a(ovc.o)
 .debug_ranges  0x00000420       0x98 .\CortexM0\ARM_GCC_493\Debug\dcsd.a(ADC.o)
 .debug_ranges  0x000004b8       0x10 .\CortexM0\ARM_GCC_493\Debug\dcsd.a(ADC_INT.o)
 .debug_ranges  0x000004c8       0x58 .\CortexM0\ARM_GCC_493\Debug\dcsd.a(UART.o)
 .debug_ranges  0x00000520       0x68 .\CortexM0\ARM_GCC_493\Debug\dcsd.a(UART_SPI_UART.o)
 .debug_ranges  0x00000588       0x50 .\CortexM0\ARM_GCC_493\Debug\dcsd.a(UART_UART.o)
 .debug_ranges  0x000005d8       0x38 .\CortexM0\ARM_GCC_493\Debug\dcsd.a(reset.o)
 .debug_ranges  0x00000610       0x38 .\CortexM0\ARM_GCC_493\Debug\dcsd.a(error.o)
 .debug_ranges  0x00000648       0x38 .\CortexM0\ARM_GCC_493\Debug\dcsd.a(direction.o)
 .debug_ranges  0x00000680       0x38 .\CortexM0\ARM_GCC_493\Debug\dcsd.a(step.o)
 .debug_ranges  0x000006b8      0x270 .\CortexM0\ARM_GCC_493\Debug\dcsd.a(CyLib.o)
 .debug_ranges  0x00000928      0x1f8 .\CortexM0\ARM_GCC_493\Debug\dcsd.a(CyLFClk.o)
 .debug_ranges  0x00000b20       0xf0 .\CortexM0\ARM_GCC_493\Debug\dcsd.a(stepISR.o)
 .debug_ranges  0x00000c10       0xd0 .\CortexM0\ARM_GCC_493\Debug\dcsd.a(rxISR.o)
 .debug_ranges  0x00000ce0      0x1b8 .\CortexM0\ARM_GCC_493\Debug\dcsd.a(TX_SEND.o)
 .debug_ranges  0x00000e98       0xf0 .\CortexM0\ARM_GCC_493\Debug\dcsd.a(txISR.o)
 .debug_ranges  0x00000f88       0x20 .\CortexM0\ARM_GCC_493\Debug\dcsd.a(EEPROM.o)
 .debug_ranges  0x00000fa8       0x70 .\CortexM0\ARM_GCC_493\Debug\dcsd.a(QDEC.o)
 .debug_ranges  0x00001018       0x10 .\CortexM0\ARM_GCC_493\Debug\dcsd.a(QDEC_INT.o)
 .debug_ranges  0x00001028      0x118 .\CortexM0\ARM_GCC_493\Debug\dcsd.a(QDEC_Cnt16.o)
 .debug_ranges  0x00001140       0x38 .\CortexM0\ARM_GCC_493\Debug\dcsd.a(CyFlash.o)

.comment        0x00000000       0x70
 .comment       0x00000000       0x70 .\CortexM0\ARM_GCC_493\Debug\main.o
                                 0x71 (size before relaxing)
 .comment       0x00000000       0x71 .\CortexM0\ARM_GCC_493\Debug\cybootloader.o
 .comment       0x00000000       0x71 .\CortexM0\ARM_GCC_493\Debug\cymetadata.o
 .comment       0x00000000       0x71 .\CortexM0\ARM_GCC_493\Debug\Cm0Start.o
 .comment       0x00000000       0x71 .\CortexM0\ARM_GCC_493\Debug\dcsd.a(cyfitter_cfg.o)
 .comment       0x00000000       0x71 .\CortexM0\ARM_GCC_493\Debug\dcsd.a(PWM_MOT.o)
 .comment       0x00000000       0x71 .\CortexM0\ARM_GCC_493\Debug\dcsd.a(vin.o)
 .comment       0x00000000       0x71 .\CortexM0\ARM_GCC_493\Debug\dcsd.a(err.o)
 .comment       0x00000000       0x71 .\CortexM0\ARM_GCC_493\Debug\dcsd.a(phase.o)
 .comment       0x00000000       0x71 .\CortexM0\ARM_GCC_493\Debug\dcsd.a(sleep.o)
 .comment       0x00000000       0x71 .\CortexM0\ARM_GCC_493\Debug\dcsd.a(fault.o)
 .comment       0x00000000       0x71 .\CortexM0\ARM_GCC_493\Debug\dcsd.a(ovc.o)
 .comment       0x00000000       0x71 .\CortexM0\ARM_GCC_493\Debug\dcsd.a(ADC.o)
 .comment       0x00000000       0x71 .\CortexM0\ARM_GCC_493\Debug\dcsd.a(ADC_INT.o)
 .comment       0x00000000       0x71 .\CortexM0\ARM_GCC_493\Debug\dcsd.a(UART.o)
 .comment       0x00000000       0x71 .\CortexM0\ARM_GCC_493\Debug\dcsd.a(UART_SPI_UART.o)
 .comment       0x00000000       0x71 .\CortexM0\ARM_GCC_493\Debug\dcsd.a(UART_UART.o)
 .comment       0x00000000       0x71 .\CortexM0\ARM_GCC_493\Debug\dcsd.a(reset.o)
 .comment       0x00000000       0x71 .\CortexM0\ARM_GCC_493\Debug\dcsd.a(error.o)
 .comment       0x00000000       0x71 .\CortexM0\ARM_GCC_493\Debug\dcsd.a(direction.o)
 .comment       0x00000000       0x71 .\CortexM0\ARM_GCC_493\Debug\dcsd.a(step.o)
 .comment       0x00000000       0x71 .\CortexM0\ARM_GCC_493\Debug\dcsd.a(CyLib.o)
 .comment       0x00000000       0x71 .\CortexM0\ARM_GCC_493\Debug\dcsd.a(CyLFClk.o)
 .comment       0x00000000       0x71 .\CortexM0\ARM_GCC_493\Debug\dcsd.a(stepISR.o)
 .comment       0x00000000       0x71 .\CortexM0\ARM_GCC_493\Debug\dcsd.a(rxISR.o)
 .comment       0x00000000       0x71 .\CortexM0\ARM_GCC_493\Debug\dcsd.a(TX_SEND.o)
 .comment       0x00000000       0x71 .\CortexM0\ARM_GCC_493\Debug\dcsd.a(txISR.o)
 .comment       0x00000000       0x71 .\CortexM0\ARM_GCC_493\Debug\dcsd.a(EEPROM.o)
 .comment       0x00000000       0x71 .\CortexM0\ARM_GCC_493\Debug\dcsd.a(QDEC.o)
 .comment       0x00000000       0x71 .\CortexM0\ARM_GCC_493\Debug\dcsd.a(QDEC_INT.o)
 .comment       0x00000000       0x71 .\CortexM0\ARM_GCC_493\Debug\dcsd.a(QDEC_Cnt16.o)
 .comment       0x00000000       0x71 .\CortexM0\ARM_GCC_493\Debug\dcsd.a(CyFlash.o)

.debug_weaknames
 *(.debug_weaknames)

.debug_funcnames
 *(.debug_funcnames)

.debug_typenames
 *(.debug_typenames)

.debug_varnames
 *(.debug_varnames)

.note.gnu.arm.ident
 *(.note.gnu.arm.ident)

.ARM.attributes
                0x00000000       0x28
 *(.ARM.attributes)
 .ARM.attributes
                0x00000000       0x1e c:/program files (x86)/cypress/psoc creator/4.0/psoc creator/import/gnu/arm/4.9.3/bin/../lib/gcc/arm-none-eabi/4.9.3/armv6-m/crti.o
 .ARM.attributes
                0x0000001e       0x2c c:/program files (x86)/cypress/psoc creator/4.0/psoc creator/import/gnu/arm/4.9.3/bin/../lib/gcc/arm-none-eabi/4.9.3/armv6-m/crtbegin.o
 .ARM.attributes
                0x0000004a       0x1b c:/program files (x86)/cypress/psoc creator/4.0/psoc creator/import/gnu/arm/4.9.3/bin/../lib/gcc/arm-none-eabi/4.9.3/../../../../arm-none-eabi/lib/armv6-m/crt0.o
 .ARM.attributes
                0x00000065       0x31 .\CortexM0\ARM_GCC_493\Debug\main.o
 .ARM.attributes
                0x00000096       0x31 .\CortexM0\ARM_GCC_493\Debug\cybootloader.o
 .ARM.attributes
                0x000000c7       0x31 .\CortexM0\ARM_GCC_493\Debug\cymetadata.o
 .ARM.attributes
                0x000000f8       0x31 .\CortexM0\ARM_GCC_493\Debug\Cm0Start.o
 .ARM.attributes
                0x00000129       0x31 .\CortexM0\ARM_GCC_493\Debug\dcsd.a(cyfitter_cfg.o)
 .ARM.attributes
                0x0000015a       0x31 .\CortexM0\ARM_GCC_493\Debug\dcsd.a(PWM_MOT.o)
 .ARM.attributes
                0x0000018b       0x31 .\CortexM0\ARM_GCC_493\Debug\dcsd.a(vin.o)
 .ARM.attributes
                0x000001bc       0x31 .\CortexM0\ARM_GCC_493\Debug\dcsd.a(err.o)
 .ARM.attributes
                0x000001ed       0x31 .\CortexM0\ARM_GCC_493\Debug\dcsd.a(phase.o)
 .ARM.attributes
                0x0000021e       0x31 .\CortexM0\ARM_GCC_493\Debug\dcsd.a(sleep.o)
 .ARM.attributes
                0x0000024f       0x31 .\CortexM0\ARM_GCC_493\Debug\dcsd.a(fault.o)
 .ARM.attributes
                0x00000280       0x31 .\CortexM0\ARM_GCC_493\Debug\dcsd.a(ovc.o)
 .ARM.attributes
                0x000002b1       0x31 .\CortexM0\ARM_GCC_493\Debug\dcsd.a(ADC.o)
 .ARM.attributes
                0x000002e2       0x31 .\CortexM0\ARM_GCC_493\Debug\dcsd.a(ADC_INT.o)
 .ARM.attributes
                0x00000313       0x31 .\CortexM0\ARM_GCC_493\Debug\dcsd.a(UART.o)
 .ARM.attributes
                0x00000344       0x31 .\CortexM0\ARM_GCC_493\Debug\dcsd.a(UART_SPI_UART.o)
 .ARM.attributes
                0x00000375       0x31 .\CortexM0\ARM_GCC_493\Debug\dcsd.a(UART_UART.o)
 .ARM.attributes
                0x000003a6       0x31 .\CortexM0\ARM_GCC_493\Debug\dcsd.a(reset.o)
 .ARM.attributes
                0x000003d7       0x31 .\CortexM0\ARM_GCC_493\Debug\dcsd.a(error.o)
 .ARM.attributes
                0x00000408       0x31 .\CortexM0\ARM_GCC_493\Debug\dcsd.a(direction.o)
 .ARM.attributes
                0x00000439       0x31 .\CortexM0\ARM_GCC_493\Debug\dcsd.a(step.o)
 .ARM.attributes
                0x0000046a       0x31 .\CortexM0\ARM_GCC_493\Debug\dcsd.a(CyLib.o)
 .ARM.attributes
                0x0000049b       0x31 .\CortexM0\ARM_GCC_493\Debug\dcsd.a(CyLFClk.o)
 .ARM.attributes
                0x000004cc       0x31 .\CortexM0\ARM_GCC_493\Debug\dcsd.a(stepISR.o)
 .ARM.attributes
                0x000004fd       0x31 .\CortexM0\ARM_GCC_493\Debug\dcsd.a(rxISR.o)
 .ARM.attributes
                0x0000052e       0x31 .\CortexM0\ARM_GCC_493\Debug\dcsd.a(TX_SEND.o)
 .ARM.attributes
                0x0000055f       0x31 .\CortexM0\ARM_GCC_493\Debug\dcsd.a(txISR.o)
 .ARM.attributes
                0x00000590       0x31 .\CortexM0\ARM_GCC_493\Debug\dcsd.a(EEPROM.o)
 .ARM.attributes
                0x000005c1       0x31 .\CortexM0\ARM_GCC_493\Debug\dcsd.a(QDEC.o)
 .ARM.attributes
                0x000005f2       0x31 .\CortexM0\ARM_GCC_493\Debug\dcsd.a(QDEC_INT.o)
 .ARM.attributes
                0x00000623       0x31 .\CortexM0\ARM_GCC_493\Debug\dcsd.a(QDEC_Cnt16.o)
 .ARM.attributes
                0x00000654       0x21 .\CortexM0\ARM_GCC_493\Debug\dcsd.a(CyBootAsmGnu.o)
 .ARM.attributes
                0x00000675       0x31 .\CortexM0\ARM_GCC_493\Debug\dcsd.a(CyFlash.o)
 .ARM.attributes
                0x000006a6       0x1e c:/program files (x86)/cypress/psoc creator/4.0/psoc creator/import/gnu/arm/4.9.3/bin/../lib/gcc/arm-none-eabi/4.9.3/armv6-m\libgcc.a(_udivsi3.o)
 .ARM.attributes
                0x000006c4       0x1e c:/program files (x86)/cypress/psoc creator/4.0/psoc creator/import/gnu/arm/4.9.3/bin/../lib/gcc/arm-none-eabi/4.9.3/armv6-m\libgcc.a(_divsi3.o)
 .ARM.attributes
                0x000006e2       0x1e c:/program files (x86)/cypress/psoc creator/4.0/psoc creator/import/gnu/arm/4.9.3/bin/../lib/gcc/arm-none-eabi/4.9.3/armv6-m\libgcc.a(_dvmd_tls.o)
 .ARM.attributes
                0x00000700       0x1e c:/program files (x86)/cypress/psoc creator/4.0/psoc creator/import/gnu/arm/4.9.3/bin/../lib/gcc/arm-none-eabi/4.9.3/armv6-m\libgcc.a(_aeabi_ldivmod.o)
 .ARM.attributes
                0x0000071e       0x2c c:/program files (x86)/cypress/psoc creator/4.0/psoc creator/import/gnu/arm/4.9.3/bin/../lib/gcc/arm-none-eabi/4.9.3/armv6-m\libgcc.a(_muldi3.o)
 .ARM.attributes
                0x0000074a       0x2c c:/program files (x86)/cypress/psoc creator/4.0/psoc creator/import/gnu/arm/4.9.3/bin/../lib/gcc/arm-none-eabi/4.9.3/armv6-m\libgcc.a(bpabi.o)
 .ARM.attributes
                0x00000776       0x2c c:/program files (x86)/cypress/psoc creator/4.0/psoc creator/import/gnu/arm/4.9.3/bin/../lib/gcc/arm-none-eabi/4.9.3/armv6-m\libgcc.a(divsf3.o)
 .ARM.attributes
                0x000007a2       0x2c c:/program files (x86)/cypress/psoc creator/4.0/psoc creator/import/gnu/arm/4.9.3/bin/../lib/gcc/arm-none-eabi/4.9.3/armv6-m\libgcc.a(mulsf3.o)
 .ARM.attributes
                0x000007ce       0x2c c:/program files (x86)/cypress/psoc creator/4.0/psoc creator/import/gnu/arm/4.9.3/bin/../lib/gcc/arm-none-eabi/4.9.3/armv6-m\libgcc.a(floatsisf.o)
 .ARM.attributes
                0x000007fa       0x1e c:/program files (x86)/cypress/psoc creator/4.0/psoc creator/import/gnu/arm/4.9.3/bin/../lib/gcc/arm-none-eabi/4.9.3/armv6-m\libgcc.a(_clzsi2.o)
 .ARM.attributes
                0x00000818       0x2c c:/program files (x86)/cypress/psoc creator/4.0/psoc creator/import/gnu/arm/4.9.3/bin/../lib/gcc/arm-none-eabi/4.9.3/armv6-m\libgcc.a(_divdi3.o)
 .ARM.attributes
                0x00000844       0x2c c:/program files (x86)/cypress/psoc creator/4.0/psoc creator/import/gnu/arm/4.9.3/bin/../lib/gcc/arm-none-eabi/4.9.3/armv6-m\libgcc.a(_udivdi3.o)
 .ARM.attributes
                0x00000870       0x1e c:/program files (x86)/cypress/psoc creator/4.0/psoc creator/import/gnu/arm/4.9.3/bin/../lib/gcc/arm-none-eabi/4.9.3/armv6-m\libgcc.a(_clzdi2.o)
 .ARM.attributes
                0x0000088e       0x2c c:/program files (x86)/cypress/psoc creator/4.0/psoc creator/import/gnu/arm/4.9.3/bin/../lib/gcc/arm-none-eabi/4.9.3/../../../../arm-none-eabi/lib/armv6-m\libg_nano.a(lib_a-atoi.o)
 .ARM.attributes
                0x000008ba       0x2c c:/program files (x86)/cypress/psoc creator/4.0/psoc creator/import/gnu/arm/4.9.3/bin/../lib/gcc/arm-none-eabi/4.9.3/../../../../arm-none-eabi/lib/armv6-m\libg_nano.a(lib_a-errno.o)
 .ARM.attributes
                0x000008e6       0x2c c:/program files (x86)/cypress/psoc creator/4.0/psoc creator/import/gnu/arm/4.9.3/bin/../lib/gcc/arm-none-eabi/4.9.3/../../../../arm-none-eabi/lib/armv6-m\libg_nano.a(lib_a-exit.o)
 .ARM.attributes
                0x00000912       0x2c c:/program files (x86)/cypress/psoc creator/4.0/psoc creator/import/gnu/arm/4.9.3/bin/../lib/gcc/arm-none-eabi/4.9.3/../../../../arm-none-eabi/lib/armv6-m\libg_nano.a(lib_a-impure.o)
 .ARM.attributes
                0x0000093e       0x2c c:/program files (x86)/cypress/psoc creator/4.0/psoc creator/import/gnu/arm/4.9.3/bin/../lib/gcc/arm-none-eabi/4.9.3/../../../../arm-none-eabi/lib/armv6-m\libg_nano.a(lib_a-init.o)
 .ARM.attributes
                0x0000096a       0x2c c:/program files (x86)/cypress/psoc creator/4.0/psoc creator/import/gnu/arm/4.9.3/bin/../lib/gcc/arm-none-eabi/4.9.3/../../../../arm-none-eabi/lib/armv6-m\libg_nano.a(lib_a-memcpy.o)
 .ARM.attributes
                0x00000996       0x2c c:/program files (x86)/cypress/psoc creator/4.0/psoc creator/import/gnu/arm/4.9.3/bin/../lib/gcc/arm-none-eabi/4.9.3/../../../../arm-none-eabi/lib/armv6-m\libg_nano.a(lib_a-memset.o)
 .ARM.attributes
                0x000009c2       0x2c c:/program files (x86)/cypress/psoc creator/4.0/psoc creator/import/gnu/arm/4.9.3/bin/../lib/gcc/arm-none-eabi/4.9.3/../../../../arm-none-eabi/lib/armv6-m\libg_nano.a(lib_a-strtol.o)
 .ARM.attributes
                0x000009ee       0x2c c:/program files (x86)/cypress/psoc creator/4.0/psoc creator/import/gnu/arm/4.9.3/bin/../lib/gcc/arm-none-eabi/4.9.3/../../../../arm-none-eabi/lib/armv6-m\libg_nano.a(lib_a-ctype_.o)
 .ARM.attributes
                0x00000a1a       0x2c c:/program files (x86)/cypress/psoc creator/4.0/psoc creator/import/gnu/arm/4.9.3/bin/../lib/gcc/arm-none-eabi/4.9.3/armv6-m/crtend.o
 .ARM.attributes
                0x00000a46       0x1e c:/program files (x86)/cypress/psoc creator/4.0/psoc creator/import/gnu/arm/4.9.3/bin/../lib/gcc/arm-none-eabi/4.9.3/armv6-m/crtn.o

/DISCARD/
 *(.note.GNU-stack)
OUTPUT(.\CortexM0\ARM_GCC_493\Debug\dcsd.elf elf32-littlearm)
